[0.030s][info][gc] Using Serial
[0.031s][info][gc,heap,coops] Heap address: 0x00000000e0000000, size: 512 MB, Compressed Oops mode: 32-bit
[0.749s][info][gc,start     ] GC(0) Pause Young (Allocation Failure)
[0.915s][info][gc,heap      ] GC(0) DefNew: 139776K->17471K(157248K)
[0.915s][info][gc,heap      ] GC(0) Tenured: 0K->81050K(349568K)
[0.915s][info][gc,metaspace ] GC(0) Metaspace: 10691K->10691K(1058816K)
[0.915s][info][gc           ] GC(0) Pause Young (Allocation Failure) 136M->96M(494M) 165.712ms
[0.915s][info][gc,cpu       ] GC(0) User=0.13s Sys=0.05s Real=0.16s
[0.943s][info][gc,start     ] GC(1) Pause Young (Allocation Failure)
[1.129s][info][gc,heap      ] GC(1) DefNew: 157247K->17472K(157248K)
[1.129s][info][gc,heap      ] GC(1) Tenured: 81050K->162461K(349568K)
[1.129s][info][gc,metaspace ] GC(1) Metaspace: 10932K->10932K(1058816K)
[1.129s][info][gc           ] GC(1) Pause Young (Allocation Failure) 232M->175M(494M) 186.135ms
[1.129s][info][gc,cpu       ] GC(1) User=0.14s Sys=0.03s Real=0.18s
[1.151s][info][gc,start     ] GC(2) Pause Young (Allocation Failure)
[1.328s][info][gc,heap      ] GC(2) DefNew: 157248K->17471K(157248K)
[1.328s][info][gc,heap      ] GC(2) Tenured: 162461K->244928K(349568K)
[1.328s][info][gc,metaspace ] GC(2) Metaspace: 10939K->10939K(1058816K)
[1.328s][info][gc           ] GC(2) Pause Young (Allocation Failure) 312M->256M(494M) 177.484ms
[1.328s][info][gc,cpu       ] GC(2) User=0.14s Sys=0.02s Real=0.18s
[1.350s][info][gc,start     ] GC(3) Pause Young (Allocation Failure)
[1.523s][info][gc,heap      ] GC(3) DefNew: 157247K->17471K(157248K)
[1.523s][info][gc,heap      ] GC(3) Tenured: 244928K->328242K(349568K)
[1.523s][info][gc,metaspace ] GC(3) Metaspace: 10991K->10991K(1058816K)
[1.523s][info][gc           ] GC(3) Pause Young (Allocation Failure) 392M->337M(494M) 173.056ms
[1.523s][info][gc,cpu       ] GC(3) User=0.16s Sys=0.02s Real=0.17s
[1.644s][info][gc,start     ] GC(4) Pause Young (Allocation Failure)
[1.644s][info][gc,start     ] GC(5) Pause Full (Allocation Failure)
[1.644s][info][gc,phases,start] GC(5) Phase 1: Mark live objects
[1.663s][info][gc,phases      ] GC(5) Phase 1: Mark live objects 18.731ms
[1.663s][info][gc,phases,start] GC(5) Phase 2: Compute new object addresses
[1.788s][info][gc,phases      ] GC(5) Phase 2: Compute new object addresses 125.307ms
[1.788s][info][gc,phases,start] GC(5) Phase 3: Adjust pointers
[1.803s][info][gc,phases      ] GC(5) Phase 3: Adjust pointers 14.749ms
[1.803s][info][gc,phases,start] GC(5) Phase 4: Move objects
[1.805s][info][gc,phases      ] GC(5) Phase 4: Move objects 1.320ms
[1.805s][info][gc             ] GC(5) Pause Full (Allocation Failure) 448M->1M(494M) 160.591ms
[1.805s][info][gc,heap        ] GC(4) DefNew: 130794K->0K(157248K)
[1.805s][info][gc,heap        ] GC(4) Tenured: 328242K->1941K(349568K)
[1.805s][info][gc,metaspace   ] GC(4) Metaspace: 10996K->10996K(1058816K)
[1.805s][info][gc             ] GC(4) Pause Young (Allocation Failure) 448M->1M(494M) 160.792ms
[1.805s][info][gc,cpu         ] GC(4) User=0.14s Sys=0.03s Real=0.16s
[1.837s][info][gc,start       ] GC(6) Pause Young (Allocation Failure)
[1.939s][info][gc,heap        ] GC(6) DefNew: 139776K->17471K(157248K)
[1.939s][info][gc,heap        ] GC(6) Tenured: 1941K->91532K(349568K)
[1.939s][info][gc,metaspace   ] GC(6) Metaspace: 10996K->10996K(1058816K)
[1.939s][info][gc             ] GC(6) Pause Young (Allocation Failure) 138M->106M(494M) 102.049ms
[1.939s][info][gc,cpu         ] GC(6) User=0.09s Sys=0.00s Real=0.10s
[1.966s][info][gc,start       ] GC(7) Pause Young (Allocation Failure)
[2.103s][info][gc,heap        ] GC(7) DefNew: 157247K->17472K(157248K)
[2.103s][info][gc,heap        ] GC(7) Tenured: 91532K->175229K(349568K)
[2.103s][info][gc,metaspace   ] GC(7) Metaspace: 10996K->10996K(1058816K)
[2.103s][info][gc             ] GC(7) Pause Young (Allocation Failure) 242M->188M(494M) 136.989ms
[2.103s][info][gc,cpu         ] GC(7) User=0.14s Sys=0.00s Real=0.14s
[2.121s][info][gc,start       ] GC(8) Pause Young (Allocation Failure)
[2.226s][info][gc,heap        ] GC(8) DefNew: 157248K->17472K(157248K)
[2.226s][info][gc,heap        ] GC(8) Tenured: 175229K->258748K(349568K)
[2.226s][info][gc,metaspace   ] GC(8) Metaspace: 10996K->10996K(1058816K)
[2.226s][info][gc             ] GC(8) Pause Young (Allocation Failure) 324M->269M(494M) 105.680ms
[2.226s][info][gc,cpu         ] GC(8) User=0.11s Sys=0.00s Real=0.11s
[2.245s][info][gc,start       ] GC(9) Pause Young (Allocation Failure)
[2.356s][info][gc,heap        ] GC(9) DefNew: 157248K->17472K(157248K)
[2.356s][info][gc,heap        ] GC(9) Tenured: 258748K->342533K(349568K)
[2.356s][info][gc,metaspace   ] GC(9) Metaspace: 10996K->10996K(1058816K)
[2.356s][info][gc             ] GC(9) Pause Young (Allocation Failure) 406M->351M(494M) 111.333ms
[2.356s][info][gc,cpu         ] GC(9) User=0.11s Sys=0.00s Real=0.11s
[2.469s][info][gc,start       ] GC(10) Pause Young (Allocation Failure)
[2.469s][info][gc,start       ] GC(11) Pause Full (Allocation Failure)
[2.469s][info][gc,phases,start] GC(11) Phase 1: Mark live objects
[2.753s][info][gc,phases      ] GC(11) Phase 1: Mark live objects 283.427ms
[2.753s][info][gc,phases,start] GC(11) Phase 2: Compute new object addresses
[2.867s][info][gc,phases      ] GC(11) Phase 2: Compute new object addresses 114.857ms
[2.867s][info][gc,phases,start] GC(11) Phase 3: Adjust pointers
[2.998s][info][gc,phases      ] GC(11) Phase 3: Adjust pointers 130.779ms
[2.998s][info][gc,phases,start] GC(11) Phase 4: Move objects
[3.055s][info][gc,phases      ] GC(11) Phase 4: Move objects 56.782ms
[3.055s][info][gc             ] GC(11) Pause Full (Allocation Failure) 438M->402M(494M) 586.458ms
[3.056s][info][gc,heap        ] GC(10) DefNew: 106438K->62532K(157248K)
[3.056s][info][gc,heap        ] GC(10) Tenured: 342533K->349567K(349568K)
[3.056s][info][gc,metaspace   ] GC(10) Metaspace: 10996K->10996K(1058816K)
[3.056s][info][gc             ] GC(10) Pause Young (Allocation Failure) 438M->402M(494M) 586.643ms
[3.056s][info][gc,cpu         ] GC(10) User=0.58s Sys=0.02s Real=0.59s
[3.167s][info][gc,start       ] GC(12) Pause Full (Allocation Failure)
[3.167s][info][gc,phases,start] GC(12) Phase 1: Mark live objects
[3.212s][info][gc,phases      ] GC(12) Phase 1: Mark live objects 45.145ms
[3.212s][info][gc,phases,start] GC(12) Phase 2: Compute new object addresses
[3.299s][info][gc,phases      ] GC(12) Phase 2: Compute new object addresses 86.855ms
[3.299s][info][gc,phases,start] GC(12) Phase 3: Adjust pointers
[3.320s][info][gc,phases      ] GC(12) Phase 3: Adjust pointers 20.878ms
[3.320s][info][gc,phases,start] GC(12) Phase 4: Move objects
[3.341s][info][gc,phases      ] GC(12) Phase 4: Move objects 21.142ms
[3.341s][info][gc,heap        ] GC(12) DefNew: 157247K->0K(157248K)
[3.341s][info][gc,heap        ] GC(12) Tenured: 349567K->82004K(349568K)
[3.341s][info][gc,metaspace   ] GC(12) Metaspace: 10996K->10996K(1058816K)
[3.341s][info][gc             ] GC(12) Pause Full (Allocation Failure) 494M->80M(494M) 174.516ms
[3.341s][info][gc,cpu         ] GC(12) User=0.16s Sys=0.00s Real=0.17s
[3.360s][info][gc,start       ] GC(13) Pause Young (Allocation Failure)
[3.454s][info][gc,heap        ] GC(13) DefNew: 139776K->17472K(157248K)
[3.454s][info][gc,heap        ] GC(13) Tenured: 82004K->148360K(349568K)
[3.454s][info][gc,metaspace   ] GC(13) Metaspace: 10996K->10996K(1058816K)
[3.454s][info][gc             ] GC(13) Pause Young (Allocation Failure) 216M->161M(494M) 93.580ms
[3.454s][info][gc,cpu         ] GC(13) User=0.09s Sys=0.00s Real=0.09s
[3.478s][info][gc,start       ] GC(14) Pause Young (Allocation Failure)
[3.597s][info][gc,heap        ] GC(14) DefNew: 157248K->17472K(157248K)
[3.597s][info][gc,heap        ] GC(14) Tenured: 148360K->232183K(349568K)
[3.597s][info][gc,metaspace   ] GC(14) Metaspace: 10998K->10998K(1058816K)
[3.597s][info][gc             ] GC(14) Pause Young (Allocation Failure) 298M->243M(494M) 119.528ms
[3.597s][info][gc,cpu         ] GC(14) User=0.11s Sys=0.00s Real=0.12s
[3.616s][info][gc,start       ] GC(15) Pause Young (Allocation Failure)
[3.726s][info][gc,heap        ] GC(15) DefNew: 157248K->17472K(157248K)
[3.726s][info][gc,heap        ] GC(15) Tenured: 232183K->316007K(349568K)
[3.726s][info][gc,metaspace   ] GC(15) Metaspace: 10998K->10998K(1058816K)
[3.726s][info][gc             ] GC(15) Pause Young (Allocation Failure) 380M->325M(494M) 109.391ms
[3.726s][info][gc,cpu         ] GC(15) User=0.11s Sys=0.00s Real=0.11s
[3.844s][info][gc,start       ] GC(16) Pause Young (Allocation Failure)
[3.844s][info][gc,start       ] GC(17) Pause Full (Allocation Failure)
[3.844s][info][gc,phases,start] GC(17) Phase 1: Mark live objects
[4.144s][info][gc,phases      ] GC(17) Phase 1: Mark live objects 299.979ms
[4.144s][info][gc,phases,start] GC(17) Phase 2: Compute new object addresses
[4.273s][info][gc,phases      ] GC(17) Phase 2: Compute new object addresses 128.338ms
[4.273s][info][gc,phases,start] GC(17) Phase 3: Adjust pointers
[4.410s][info][gc,phases      ] GC(17) Phase 3: Adjust pointers 137.204ms
[4.410s][info][gc,phases,start] GC(17) Phase 4: Move objects
[4.628s][info][gc,phases      ] GC(17) Phase 4: Move objects 217.665ms
[4.628s][info][gc             ] GC(17) Pause Full (Allocation Failure) 454M->402M(494M) 783.954ms
[4.628s][info][gc,heap        ] GC(16) DefNew: 149856K->62532K(157248K)
[4.628s][info][gc,heap        ] GC(16) Tenured: 316007K->349568K(349568K)
[4.628s][info][gc,metaspace   ] GC(16) Metaspace: 10998K->10998K(1058816K)
[4.628s][info][gc             ] GC(16) Pause Young (Allocation Failure) 454M->402M(494M) 784.234ms
[4.628s][info][gc,cpu         ] GC(16) User=0.78s Sys=0.00s Real=0.78s
[4.752s][info][gc,start       ] GC(18) Pause Full (Allocation Failure)
[4.752s][info][gc,phases,start] GC(18) Phase 1: Mark live objects
[4.796s][info][gc,phases      ] GC(18) Phase 1: Mark live objects 44.032ms
[4.796s][info][gc,phases,start] GC(18) Phase 2: Compute new object addresses
[4.881s][info][gc,phases      ] GC(18) Phase 2: Compute new object addresses 84.700ms
[4.881s][info][gc,phases,start] GC(18) Phase 3: Adjust pointers
[4.901s][info][gc,phases      ] GC(18) Phase 3: Adjust pointers 20.364ms
[4.901s][info][gc,phases,start] GC(18) Phase 4: Move objects
[4.922s][info][gc,phases      ] GC(18) Phase 4: Move objects 20.636ms
[4.922s][info][gc,heap        ] GC(18) DefNew: 157247K->0K(157248K)
[4.922s][info][gc,heap        ] GC(18) Tenured: 349568K->82173K(349568K)
[4.922s][info][gc,metaspace   ] GC(18) Metaspace: 10999K->10999K(1058816K)
[4.922s][info][gc             ] GC(18) Pause Full (Allocation Failure) 494M->80M(494M) 170.207ms
[4.922s][info][gc,cpu         ] GC(18) User=0.17s Sys=0.00s Real=0.17s
[4.941s][info][gc,start       ] GC(19) Pause Young (Allocation Failure)
[5.034s][info][gc,heap        ] GC(19) DefNew: 139776K->17472K(157248K)
[5.034s][info][gc,heap        ] GC(19) Tenured: 82173K->148526K(349568K)
[5.034s][info][gc,metaspace   ] GC(19) Metaspace: 10999K->10999K(1058816K)
[5.034s][info][gc             ] GC(19) Pause Young (Allocation Failure) 216M->162M(494M) 92.948ms
[5.034s][info][gc,cpu         ] GC(19) User=0.09s Sys=0.00s Real=0.09s
[5.054s][info][gc,start       ] GC(20) Pause Young (Allocation Failure)
[5.168s][info][gc,heap        ] GC(20) DefNew: 157248K->17472K(157248K)
[5.168s][info][gc,heap        ] GC(20) Tenured: 148526K->232354K(349568K)
[5.168s][info][gc,metaspace   ] GC(20) Metaspace: 10999K->10999K(1058816K)
[5.168s][info][gc             ] GC(20) Pause Young (Allocation Failure) 298M->243M(494M) 114.729ms
[5.168s][info][gc,cpu         ] GC(20) User=0.11s Sys=0.00s Real=0.11s
[5.191s][info][gc,start       ] GC(21) Pause Young (Allocation Failure)
[5.299s][info][gc,heap        ] GC(21) DefNew: 157248K->17472K(157248K)
[5.299s][info][gc,heap        ] GC(21) Tenured: 232354K->316181K(349568K)
[5.299s][info][gc,metaspace   ] GC(21) Metaspace: 11004K->11004K(1058816K)
[5.299s][info][gc             ] GC(21) Pause Young (Allocation Failure) 380M->325M(494M) 107.924ms
[5.299s][info][gc,cpu         ] GC(21) User=0.11s Sys=0.00s Real=0.11s
[5.417s][info][gc,start       ] GC(22) Pause Young (Allocation Failure)
[5.417s][info][gc,start       ] GC(23) Pause Full (Allocation Failure)
[5.417s][info][gc,phases,start] GC(23) Phase 1: Mark live objects
[5.657s][info][gc,phases      ] GC(23) Phase 1: Mark live objects 240.139ms
[5.657s][info][gc,phases,start] GC(23) Phase 2: Compute new object addresses
[5.783s][info][gc,phases      ] GC(23) Phase 2: Compute new object addresses 125.348ms
[5.783s][info][gc,phases,start] GC(23) Phase 3: Adjust pointers
[5.918s][info][gc,phases      ] GC(23) Phase 3: Adjust pointers 135.425ms
[5.918s][info][gc,phases,start] GC(23) Phase 4: Move objects
[5.976s][info][gc,phases      ] GC(23) Phase 4: Move objects 58.363ms
[5.977s][info][gc             ] GC(23) Pause Full (Allocation Failure) 454M->402M(494M) 559.869ms
[5.977s][info][gc,heap        ] GC(22) DefNew: 149608K->62532K(157248K)
[5.977s][info][gc,heap        ] GC(22) Tenured: 316181K->349568K(349568K)
[5.977s][info][gc,metaspace   ] GC(22) Metaspace: 11004K->11004K(1058816K)
[5.977s][info][gc             ] GC(22) Pause Young (Allocation Failure) 454M->402M(494M) 560.013ms
[5.977s][info][gc,cpu         ] GC(22) User=0.56s Sys=0.00s Real=0.56s
[6.130s][info][gc,start       ] GC(24) Pause Full (Allocation Failure)
[6.130s][info][gc,phases,start] GC(24) Phase 1: Mark live objects
[6.181s][info][gc,phases      ] GC(24) Phase 1: Mark live objects 50.458ms
[6.181s][info][gc,phases,start] GC(24) Phase 2: Compute new object addresses
[6.263s][info][gc,phases      ] GC(24) Phase 2: Compute new object addresses 82.192ms
[6.263s][info][gc,phases,start] GC(24) Phase 3: Adjust pointers
[6.283s][info][gc,phases      ] GC(24) Phase 3: Adjust pointers 19.484ms
[6.283s][info][gc,phases,start] GC(24) Phase 4: Move objects
[6.303s][info][gc,phases      ] GC(24) Phase 4: Move objects 20.539ms
[6.303s][info][gc,heap        ] GC(24) DefNew: 157247K->0K(157248K)
[6.303s][info][gc,heap        ] GC(24) Tenured: 349568K->82167K(349568K)
[6.303s][info][gc,metaspace   ] GC(24) Metaspace: 11010K->11010K(1058816K)
[6.303s][info][gc             ] GC(24) Pause Full (Allocation Failure) 494M->80M(494M) 173.145ms
[6.303s][info][gc,cpu         ] GC(24) User=0.17s Sys=0.00s Real=0.17s
[6.322s][info][gc,start       ] GC(25) Pause Young (Allocation Failure)
[6.412s][info][gc,heap        ] GC(25) DefNew: 139776K->17472K(157248K)
[6.412s][info][gc,heap        ] GC(25) Tenured: 82167K->148521K(349568K)
[6.412s][info][gc,metaspace   ] GC(25) Metaspace: 11012K->11012K(1058816K)
[6.412s][info][gc             ] GC(25) Pause Young (Allocation Failure) 216M->162M(494M) 90.175ms
[6.412s][info][gc,cpu         ] GC(25) User=0.09s Sys=0.00s Real=0.09s
[6.432s][info][gc,start       ] GC(26) Pause Young (Allocation Failure)
[6.551s][info][gc,heap        ] GC(26) DefNew: 157248K->17472K(157248K)
[6.551s][info][gc,heap        ] GC(26) Tenured: 148521K->232347K(349568K)
[6.551s][info][gc,metaspace   ] GC(26) Metaspace: 11012K->11012K(1058816K)
[6.551s][info][gc             ] GC(26) Pause Young (Allocation Failure) 298M->243M(494M) 119.651ms
[6.551s][info][gc,cpu         ] GC(26) User=0.13s Sys=0.00s Real=0.12s
[6.570s][info][gc,start       ] GC(27) Pause Young (Allocation Failure)
[6.693s][info][gc,heap        ] GC(27) DefNew: 157248K->17472K(157248K)
[6.693s][info][gc,heap        ] GC(27) Tenured: 232347K->316175K(349568K)
[6.693s][info][gc,metaspace   ] GC(27) Metaspace: 11012K->11012K(1058816K)
[6.693s][info][gc             ] GC(27) Pause Young (Allocation Failure) 380M->325M(494M) 122.926ms
[6.693s][info][gc,cpu         ] GC(27) User=0.13s Sys=0.00s Real=0.12s
[6.811s][info][gc,start       ] GC(28) Pause Young (Allocation Failure)
[6.811s][info][gc,start       ] GC(29) Pause Full (Allocation Failure)
[6.811s][info][gc,phases,start] GC(29) Phase 1: Mark live objects
[7.056s][info][gc,phases      ] GC(29) Phase 1: Mark live objects 244.375ms
[7.056s][info][gc,phases,start] GC(29) Phase 2: Compute new object addresses
[7.185s][info][gc,phases      ] GC(29) Phase 2: Compute new object addresses 129.660ms
[7.186s][info][gc,phases,start] GC(29) Phase 3: Adjust pointers
[7.341s][info][gc,phases      ] GC(29) Phase 3: Adjust pointers 155.934ms
[7.342s][info][gc,phases,start] GC(29) Phase 4: Move objects
[7.593s][info][gc,phases      ] GC(29) Phase 4: Move objects 251.135ms
[7.593s][info][gc             ] GC(29) Pause Full (Allocation Failure) 454M->402M(494M) 781.822ms
[7.593s][info][gc,heap        ] GC(28) DefNew: 149573K->62532K(157248K)
[7.593s][info][gc,heap        ] GC(28) Tenured: 316175K->349568K(349568K)
[7.593s][info][gc,metaspace   ] GC(28) Metaspace: 11012K->11012K(1058816K)
[7.593s][info][gc             ] GC(28) Pause Young (Allocation Failure) 454M->402M(494M) 782.001ms
[7.593s][info][gc,cpu         ] GC(28) User=0.78s Sys=0.00s Real=0.78s
[7.751s][info][gc,start       ] GC(30) Pause Full (Allocation Failure)
[7.752s][info][gc,phases,start] GC(30) Phase 1: Mark live objects
[7.805s][info][gc,phases      ] GC(30) Phase 1: Mark live objects 53.658ms
[7.805s][info][gc,phases,start] GC(30) Phase 2: Compute new object addresses
[7.911s][info][gc,phases      ] GC(30) Phase 2: Compute new object addresses 105.653ms
[7.911s][info][gc,phases,start] GC(30) Phase 3: Adjust pointers
[7.935s][info][gc,phases      ] GC(30) Phase 3: Adjust pointers 24.192ms
[7.935s][info][gc,phases,start] GC(30) Phase 4: Move objects
[7.961s][info][gc,phases      ] GC(30) Phase 4: Move objects 25.564ms
[7.961s][info][gc,heap        ] GC(30) DefNew: 157247K->0K(157248K)
[7.961s][info][gc,heap        ] GC(30) Tenured: 349568K->82167K(349568K)
[7.961s][info][gc,metaspace   ] GC(30) Metaspace: 11012K->11012K(1058816K)
[7.961s][info][gc             ] GC(30) Pause Full (Allocation Failure) 494M->80M(494M) 209.639ms
[7.961s][info][gc,cpu         ] GC(30) User=0.22s Sys=0.00s Real=0.21s
[7.984s][info][gc,start       ] GC(31) Pause Young (Allocation Failure)
[8.101s][info][gc,heap        ] GC(31) DefNew: 139776K->17472K(157248K)
[8.101s][info][gc,heap        ] GC(31) Tenured: 82167K->148521K(349568K)
[8.101s][info][gc,metaspace   ] GC(31) Metaspace: 11014K->11014K(1058816K)
[8.101s][info][gc             ] GC(31) Pause Young (Allocation Failure) 216M->162M(494M) 116.869ms
[8.101s][info][gc,cpu         ] GC(31) User=0.13s Sys=0.00s Real=0.12s
[8.124s][info][gc,start       ] GC(32) Pause Young (Allocation Failure)
[8.260s][info][gc,heap        ] GC(32) DefNew: 157248K->17472K(157248K)
[8.260s][info][gc,heap        ] GC(32) Tenured: 148521K->232251K(349568K)
[8.260s][info][gc,metaspace   ] GC(32) Metaspace: 11022K->11022K(1058816K)
[8.260s][info][gc             ] GC(32) Pause Young (Allocation Failure) 298M->243M(494M) 136.412ms
[8.260s][info][gc,cpu         ] GC(32) User=0.14s Sys=0.00s Real=0.14s
[8.289s][info][gc,start       ] GC(33) Pause Young (Allocation Failure)
[8.489s][info][gc,heap        ] GC(33) DefNew: 157248K->17472K(157248K)
[8.489s][info][gc,heap        ] GC(33) Tenured: 232251K->316015K(349568K)
[8.489s][info][gc,metaspace   ] GC(33) Metaspace: 11022K->11022K(1058816K)
[8.489s][info][gc             ] GC(33) Pause Young (Allocation Failure) 380M->325M(494M) 200.616ms
[8.489s][info][gc,cpu         ] GC(33) User=0.19s Sys=0.00s Real=0.20s
[8.621s][info][gc,start       ] GC(34) Pause Young (Allocation Failure)
[8.621s][info][gc,start       ] GC(35) Pause Full (Allocation Failure)
[8.621s][info][gc,phases,start] GC(35) Phase 1: Mark live objects
[9.044s][info][gc,phases      ] GC(35) Phase 1: Mark live objects 423.031ms
[9.044s][info][gc,phases,start] GC(35) Phase 2: Compute new object addresses
[9.205s][info][gc,phases      ] GC(35) Phase 2: Compute new object addresses 160.462ms
[9.205s][info][gc,phases,start] GC(35) Phase 3: Adjust pointers
[9.364s][info][gc,phases      ] GC(35) Phase 3: Adjust pointers 158.895ms
[9.364s][info][gc,phases,start] GC(35) Phase 4: Move objects
[9.438s][info][gc,phases      ] GC(35) Phase 4: Move objects 73.996ms
[9.438s][info][gc             ] GC(35) Pause Full (Allocation Failure) 454M->402M(494M) 817.115ms
[9.438s][info][gc,heap        ] GC(34) DefNew: 149501K->62533K(157248K)
[9.438s][info][gc,heap        ] GC(34) Tenured: 316015K->349568K(349568K)
[9.438s][info][gc,metaspace   ] GC(34) Metaspace: 11022K->11022K(1058816K)
[9.438s][info][gc             ] GC(34) Pause Young (Allocation Failure) 454M->402M(494M) 817.361ms
[9.438s][info][gc,cpu         ] GC(34) User=0.80s Sys=0.00s Real=0.82s
[9.608s][info][gc,start       ] GC(36) Pause Full (Allocation Failure)
[9.609s][info][gc,phases,start] GC(36) Phase 1: Mark live objects
[9.677s][info][gc,phases      ] GC(36) Phase 1: Mark live objects 68.175ms
[9.677s][info][gc,phases,start] GC(36) Phase 2: Compute new object addresses
[9.785s][info][gc,phases      ] GC(36) Phase 2: Compute new object addresses 107.901ms
[9.785s][info][gc,phases,start] GC(36) Phase 3: Adjust pointers
[9.813s][info][gc,phases      ] GC(36) Phase 3: Adjust pointers 28.350ms
[9.813s][info][gc,phases,start] GC(36) Phase 4: Move objects
[9.839s][info][gc,phases      ] GC(36) Phase 4: Move objects 25.320ms
[9.839s][info][gc,heap        ] GC(36) DefNew: 157248K->0K(157248K)
[9.839s][info][gc,heap        ] GC(36) Tenured: 349568K->80624K(349568K)
[9.839s][info][gc,metaspace   ] GC(36) Metaspace: 11808K->11808K(1060864K)
[9.839s][info][gc             ] GC(36) Pause Full (Allocation Failure) 494M->78M(494M) 230.383ms
[9.839s][info][gc,cpu         ] GC(36) User=0.28s Sys=0.09s Real=0.23s
[9.866s][info][gc,start       ] GC(37) Pause Young (Allocation Failure)
[9.987s][info][gc,heap        ] GC(37) DefNew: 139776K->17472K(157248K)
[9.987s][info][gc,heap        ] GC(37) Tenured: 80624K->146141K(349568K)
[9.987s][info][gc,metaspace   ] GC(37) Metaspace: 11837K->11837K(1060864K)
[9.987s][info][gc             ] GC(37) Pause Young (Allocation Failure) 215M->159M(494M) 121.092ms
[9.987s][info][gc,cpu         ] GC(37) User=0.11s Sys=0.00s Real=0.12s
[10.013s][info][gc,start       ] GC(38) Pause Young (Allocation Failure)
[10.153s][info][gc,heap        ] GC(38) DefNew: 157248K->17471K(157248K)
[10.153s][info][gc,heap        ] GC(38) Tenured: 146141K->229402K(349568K)
[10.153s][info][gc,metaspace   ] GC(38) Metaspace: 12007K->12007K(1060864K)
[10.153s][info][gc             ] GC(38) Pause Young (Allocation Failure) 296M->241M(494M) 140.084ms
[10.153s][info][gc,cpu         ] GC(38) User=0.14s Sys=0.00s Real=0.14s
[10.177s][info][gc,start       ] GC(39) Pause Young (Allocation Failure)
[10.317s][info][gc,heap        ] GC(39) DefNew: 157247K->17472K(157248K)
[10.317s][info][gc,heap        ] GC(39) Tenured: 229402K->312870K(349568K)
[10.317s][info][gc,metaspace   ] GC(39) Metaspace: 12200K->12200K(1060864K)
[10.317s][info][gc             ] GC(39) Pause Young (Allocation Failure) 377M->322M(494M) 139.224ms
[10.317s][info][gc,cpu         ] GC(39) User=0.14s Sys=0.00s Real=0.14s
[10.359s][info][gc,start       ] GC(40) Pause Young (Allocation Failure)
[10.359s][info][gc,start       ] GC(41) Pause Full (Allocation Failure)
[10.359s][info][gc,phases,start] GC(41) Phase 1: Mark live objects
[10.679s][info][gc,phases      ] GC(41) Phase 1: Mark live objects 319.848ms
[10.679s][info][gc,phases,start] GC(41) Phase 2: Compute new object addresses
[10.831s][info][gc,phases      ] GC(41) Phase 2: Compute new object addresses 152.387ms
[10.831s][info][gc,phases,start] GC(41) Phase 3: Adjust pointers
[11.000s][info][gc,phases      ] GC(41) Phase 3: Adjust pointers 168.402ms
[11.000s][info][gc,phases,start] GC(41) Phase 4: Move objects
[11.252s][info][gc,phases      ] GC(41) Phase 4: Move objects 251.712ms
[11.252s][info][gc             ] GC(41) Pause Full (Allocation Failure) 459M->402M(494M) 893.044ms
[11.252s][info][gc,heap        ] GC(40) DefNew: 157248K->62944K(157248K)
[11.252s][info][gc,heap        ] GC(40) Tenured: 312870K->349567K(349568K)
[11.252s][info][gc,metaspace   ] GC(40) Metaspace: 12870K->12870K(1060864K)
[11.252s][info][gc             ] GC(40) Pause Young (Allocation Failure) 459M->402M(494M) 893.195ms
[11.252s][info][gc,cpu         ] GC(40) User=0.89s Sys=0.00s Real=0.89s
[11.434s][info][gc,start       ] GC(42) Pause Full (Allocation Failure)
[11.434s][info][gc,phases,start] GC(42) Phase 1: Mark live objects
[11.506s][info][gc,phases      ] GC(42) Phase 1: Mark live objects 72.023ms
[11.506s][info][gc,phases,start] GC(42) Phase 2: Compute new object addresses
[11.614s][info][gc,phases      ] GC(42) Phase 2: Compute new object addresses 107.951ms
[11.615s][info][gc,phases,start] GC(42) Phase 3: Adjust pointers
[11.643s][info][gc,phases      ] GC(42) Phase 3: Adjust pointers 28.137ms
[11.643s][info][gc,phases,start] GC(42) Phase 4: Move objects
[11.671s][info][gc,phases      ] GC(42) Phase 4: Move objects 27.926ms
[11.671s][info][gc,heap        ] GC(42) DefNew: 157247K->0K(157248K)
[11.671s][info][gc,heap        ] GC(42) Tenured: 349567K->82313K(349568K)
[11.671s][info][gc,metaspace   ] GC(42) Metaspace: 13028K->13028K(1060864K)
[11.671s][info][gc             ] GC(42) Pause Full (Allocation Failure) 494M->80M(494M) 236.623ms
[11.671s][info][gc,cpu         ] GC(42) User=0.23s Sys=0.00s Real=0.24s
[11.697s][info][gc,start       ] GC(43) Pause Young (Allocation Failure)
[11.864s][info][gc,heap        ] GC(43) DefNew: 139776K->17472K(157248K)
[11.864s][info][gc,heap        ] GC(43) Tenured: 82313K->148667K(349568K)
[11.864s][info][gc,metaspace   ] GC(43) Metaspace: 13028K->13028K(1060864K)
[11.865s][info][gc             ] GC(43) Pause Young (Allocation Failure) 216M->162M(494M) 167.431ms
[11.865s][info][gc,cpu         ] GC(43) User=0.17s Sys=0.00s Real=0.17s
[11.892s][info][gc,start       ] GC(44) Pause Young (Allocation Failure)
[12.034s][info][gc,heap        ] GC(44) DefNew: 157248K->17472K(157248K)
[12.034s][info][gc,heap        ] GC(44) Tenured: 148667K->232215K(349568K)
[12.034s][info][gc,metaspace   ] GC(44) Metaspace: 13031K->13031K(1060864K)
[12.034s][info][gc             ] GC(44) Pause Young (Allocation Failure) 298M->243M(494M) 141.713ms
[12.034s][info][gc,cpu         ] GC(44) User=0.19s Sys=0.05s Real=0.14s
[12.057s][info][gc,start       ] GC(45) Pause Young (Allocation Failure)
[12.192s][info][gc,heap        ] GC(45) DefNew: 157248K->17472K(157248K)
[12.192s][info][gc,heap        ] GC(45) Tenured: 232215K->316042K(349568K)
[12.192s][info][gc,metaspace   ] GC(45) Metaspace: 13031K->13031K(1060864K)
[12.192s][info][gc             ] GC(45) Pause Young (Allocation Failure) 380M->325M(494M) 135.264ms
[12.192s][info][gc,cpu         ] GC(45) User=0.14s Sys=0.08s Real=0.13s
[12.318s][info][gc,start       ] GC(46) Pause Young (Allocation Failure)
[12.319s][info][gc,start       ] GC(47) Pause Full (Allocation Failure)
[12.319s][info][gc,phases,start] GC(47) Phase 1: Mark live objects
[12.675s][info][gc,phases      ] GC(47) Phase 1: Mark live objects 356.010ms
[12.675s][info][gc,phases,start] GC(47) Phase 2: Compute new object addresses
[12.830s][info][gc,phases      ] GC(47) Phase 2: Compute new object addresses 155.039ms
[12.830s][info][gc,phases,start] GC(47) Phase 3: Adjust pointers
[12.989s][info][gc,phases      ] GC(47) Phase 3: Adjust pointers 158.869ms
[12.989s][info][gc,phases,start] GC(47) Phase 4: Move objects
[13.059s][info][gc,phases      ] GC(47) Phase 4: Move objects 70.205ms
[13.059s][info][gc             ] GC(47) Pause Full (Allocation Failure) 459M->403M(494M) 740.901ms
[13.059s][info][gc,heap        ] GC(46) DefNew: 154025K->63210K(157248K)
[13.059s][info][gc,heap        ] GC(46) Tenured: 316042K->349568K(349568K)
[13.059s][info][gc,metaspace   ] GC(46) Metaspace: 13491K->13491K(1062912K)
[13.059s][info][gc             ] GC(46) Pause Young (Allocation Failure) 459M->403M(494M) 741.080ms
[13.060s][info][gc,cpu         ] GC(46) User=0.77s Sys=0.13s Real=0.74s
[13.195s][info][gc,start       ] GC(48) Pause Full (Allocation Failure)
[13.195s][info][gc,phases,start] GC(48) Phase 1: Mark live objects
[13.246s][info][gc,phases      ] GC(48) Phase 1: Mark live objects 51.148ms
[13.246s][info][gc,phases,start] GC(48) Phase 2: Compute new object addresses
[13.348s][info][gc,phases      ] GC(48) Phase 2: Compute new object addresses 101.427ms
[13.348s][info][gc,phases,start] GC(48) Phase 3: Adjust pointers
[13.374s][info][gc,phases      ] GC(48) Phase 3: Adjust pointers 26.359ms
[13.374s][info][gc,phases,start] GC(48) Phase 4: Move objects
[13.399s][info][gc,phases      ] GC(48) Phase 4: Move objects 25.084ms
[13.399s][info][gc,heap        ] GC(48) DefNew: 157247K->0K(157248K)
[13.399s][info][gc,heap        ] GC(48) Tenured: 349568K->82056K(349568K)
[13.399s][info][gc,metaspace   ] GC(48) Metaspace: 13497K->13497K(1062912K)
[13.399s][info][gc             ] GC(48) Pause Full (Allocation Failure) 494M->80M(494M) 204.578ms
[13.399s][info][gc,cpu         ] GC(48) User=0.20s Sys=0.00s Real=0.20s
[13.421s][info][gc,start       ] GC(49) Pause Young (Allocation Failure)
[13.537s][info][gc,heap        ] GC(49) DefNew: 139776K->17472K(157248K)
[13.537s][info][gc,heap        ] GC(49) Tenured: 82056K->148409K(349568K)
[13.537s][info][gc,metaspace   ] GC(49) Metaspace: 13499K->13499K(1062912K)
[13.537s][info][gc             ] GC(49) Pause Young (Allocation Failure) 216M->161M(494M) 116.074ms
[13.537s][info][gc,cpu         ] GC(49) User=0.13s Sys=0.00s Real=0.12s
[13.560s][info][gc,start       ] GC(50) Pause Young (Allocation Failure)
[13.693s][info][gc,heap        ] GC(50) DefNew: 157248K->17472K(157248K)
[13.693s][info][gc,heap        ] GC(50) Tenured: 148409K->232236K(349568K)
[13.693s][info][gc,metaspace   ] GC(50) Metaspace: 13499K->13499K(1062912K)
[13.693s][info][gc             ] GC(50) Pause Young (Allocation Failure) 298M->243M(494M) 132.993ms
[13.693s][info][gc,cpu         ] GC(50) User=0.14s Sys=0.00s Real=0.13s
[13.716s][info][gc,start       ] GC(51) Pause Young (Allocation Failure)
[13.853s][info][gc,heap        ] GC(51) DefNew: 157248K->17472K(157248K)
[13.853s][info][gc,heap        ] GC(51) Tenured: 232236K->316055K(349568K)
[13.853s][info][gc,metaspace   ] GC(51) Metaspace: 13499K->13499K(1062912K)
[13.853s][info][gc             ] GC(51) Pause Young (Allocation Failure) 380M->325M(494M) 137.600ms
[13.853s][info][gc,cpu         ] GC(51) User=0.14s Sys=0.00s Real=0.14s
[13.975s][info][gc,start       ] GC(52) Pause Young (Allocation Failure)
[13.975s][info][gc,start       ] GC(53) Pause Full (Allocation Failure)
[13.976s][info][gc,phases,start] GC(53) Phase 1: Mark live objects
[14.352s][info][gc,phases      ] GC(53) Phase 1: Mark live objects 375.935ms
[14.352s][info][gc,phases,start] GC(53) Phase 2: Compute new object addresses
[14.512s][info][gc,phases      ] GC(53) Phase 2: Compute new object addresses 160.043ms
[14.512s][info][gc,phases,start] GC(53) Phase 3: Adjust pointers
[14.681s][info][gc,phases      ] GC(53) Phase 3: Adjust pointers 169.456ms
[14.681s][info][gc,phases,start] GC(53) Phase 4: Move objects
[14.938s][info][gc,phases      ] GC(53) Phase 4: Move objects 256.746ms
[14.938s][info][gc             ] GC(53) Pause Full (Allocation Failure) 457M->403M(494M) 962.928ms
[14.938s][info][gc,heap        ] GC(52) DefNew: 151973K->63225K(157248K)
[14.938s][info][gc,heap        ] GC(52) Tenured: 316055K->349568K(349568K)
[14.938s][info][gc,metaspace   ] GC(52) Metaspace: 13499K->13499K(1062912K)
[14.938s][info][gc             ] GC(52) Pause Young (Allocation Failure) 457M->403M(494M) 963.113ms
[14.938s][info][gc,cpu         ] GC(52) User=0.95s Sys=0.11s Real=0.96s
[15.193s][info][gc,start       ] GC(54) Pause Full (Allocation Failure)
[15.193s][info][gc,phases,start] GC(54) Phase 1: Mark live objects
[15.270s][info][gc,phases      ] GC(54) Phase 1: Mark live objects 77.101ms
[15.270s][info][gc,phases,start] GC(54) Phase 2: Compute new object addresses
[15.386s][info][gc,phases      ] GC(54) Phase 2: Compute new object addresses 115.341ms
[15.386s][info][gc,phases,start] GC(54) Phase 3: Adjust pointers
[15.420s][info][gc,phases      ] GC(54) Phase 3: Adjust pointers 34.329ms
[15.420s][info][gc,phases,start] GC(54) Phase 4: Move objects
[15.447s][info][gc,phases      ] GC(54) Phase 4: Move objects 26.227ms
[15.447s][info][gc,heap        ] GC(54) DefNew: 157247K->0K(157248K)
[15.447s][info][gc,heap        ] GC(54) Tenured: 349568K->81613K(349568K)
[15.447s][info][gc,metaspace   ] GC(54) Metaspace: 14337K->14337K(1062912K)
[15.447s][info][gc             ] GC(54) Pause Full (Allocation Failure) 494M->79M(494M) 253.719ms
[15.447s][info][gc,cpu         ] GC(54) User=0.31s Sys=0.13s Real=0.25s
[15.473s][info][gc,start       ] GC(55) Pause Young (Allocation Failure)
[15.592s][info][gc,heap        ] GC(55) DefNew: 139776K->17472K(157248K)
[15.592s][info][gc,heap        ] GC(55) Tenured: 81613K->147978K(349568K)
[15.592s][info][gc,metaspace   ] GC(55) Metaspace: 14337K->14337K(1062912K)
[15.592s][info][gc             ] GC(55) Pause Young (Allocation Failure) 216M->161M(494M) 119.322ms
[15.592s][info][gc,cpu         ] GC(55) User=0.11s Sys=0.00s Real=0.12s
[15.643s][info][gc,start       ] GC(56) Pause Young (Allocation Failure)
[15.813s][info][gc,heap        ] GC(56) DefNew: 157248K->17472K(157248K)
[15.814s][info][gc,heap        ] GC(56) Tenured: 147978K->230717K(349568K)
[15.814s][info][gc,metaspace   ] GC(56) Metaspace: 14392K->14392K(1062912K)
[15.814s][info][gc             ] GC(56) Pause Young (Allocation Failure) 298M->242M(494M) 170.397ms
[15.814s][info][gc,cpu         ] GC(56) User=0.25s Sys=0.09s Real=0.17s
[15.862s][info][gc,start       ] GC(57) Pause Young (Allocation Failure)
[16.033s][info][gc,heap        ] GC(57) DefNew: 157248K->17472K(157248K)
[16.033s][info][gc,heap        ] GC(57) Tenured: 230717K->313996K(349568K)
[16.033s][info][gc,metaspace   ] GC(57) Metaspace: 14427K->14427K(1062912K)
[16.033s][info][gc             ] GC(57) Pause Young (Allocation Failure) 378M->323M(494M) 170.632ms
[16.033s][info][gc,cpu         ] GC(57) User=0.19s Sys=0.06s Real=0.17s
[16.083s][info][gc,start       ] GC(58) Pause Young (Allocation Failure)
[16.084s][info][gc,start       ] GC(59) Pause Full (Allocation Failure)
[16.084s][info][gc,phases,start] GC(59) Phase 1: Mark live objects
[16.502s][info][gc,phases      ] GC(59) Phase 1: Mark live objects 418.409ms
[16.502s][info][gc,phases,start] GC(59) Phase 2: Compute new object addresses
[16.684s][info][gc,phases      ] GC(59) Phase 2: Compute new object addresses 181.783ms
[16.684s][info][gc,phases,start] GC(59) Phase 3: Adjust pointers
[16.842s][info][gc,phases      ] GC(59) Phase 3: Adjust pointers 157.549ms
[16.842s][info][gc,phases,start] GC(59) Phase 4: Move objects
[16.923s][info][gc,phases      ] GC(59) Phase 4: Move objects 80.853ms
[16.923s][info][gc             ] GC(59) Pause Full (Allocation Failure) 460M->403M(494M) 839.464ms
[16.923s][info][gc,heap        ] GC(58) DefNew: 157248K->63716K(157248K)
[16.923s][info][gc,heap        ] GC(58) Tenured: 313996K->349568K(349568K)
[16.923s][info][gc,metaspace   ] GC(58) Metaspace: 14483K->14483K(1062912K)
[16.923s][info][gc             ] GC(58) Pause Young (Allocation Failure) 460M->403M(494M) 839.675ms
[16.923s][info][gc,cpu         ] GC(58) User=0.89s Sys=0.19s Real=0.84s
[17.301s][info][gc,start       ] GC(60) Pause Full (Allocation Failure)
[17.301s][info][gc,phases,start] GC(60) Phase 1: Mark live objects
[17.400s][info][gc,phases      ] GC(60) Phase 1: Mark live objects 99.386ms
[17.401s][info][gc,phases,start] GC(60) Phase 2: Compute new object addresses
[17.532s][info][gc,phases      ] GC(60) Phase 2: Compute new object addresses 131.788ms
[17.532s][info][gc,phases,start] GC(60) Phase 3: Adjust pointers
[17.560s][info][gc,phases      ] GC(60) Phase 3: Adjust pointers 27.932ms
[17.560s][info][gc,phases,start] GC(60) Phase 4: Move objects
[17.587s][info][gc,phases      ] GC(60) Phase 4: Move objects 26.518ms
[17.587s][info][gc,heap        ] GC(60) DefNew: 157247K->0K(157248K)
[17.587s][info][gc,heap        ] GC(60) Tenured: 349568K->81728K(349568K)
[17.587s][info][gc,metaspace   ] GC(60) Metaspace: 14739K->14739K(1062912K)
[17.587s][info][gc             ] GC(60) Pause Full (Allocation Failure) 494M->79M(494M) 286.513ms
[17.587s][info][gc,cpu         ] GC(60) User=0.31s Sys=0.16s Real=0.29s
[17.614s][info][gc,start       ] GC(61) Pause Young (Allocation Failure)
[17.740s][info][gc,heap        ] GC(61) DefNew: 139776K->17472K(157248K)
[17.740s][info][gc,heap        ] GC(61) Tenured: 81728K->147761K(349568K)
[17.740s][info][gc,metaspace   ] GC(61) Metaspace: 14740K->14740K(1062912K)
[17.740s][info][gc             ] GC(61) Pause Young (Allocation Failure) 216M->161M(494M) 125.901ms
[17.740s][info][gc,cpu         ] GC(61) User=0.13s Sys=0.00s Real=0.13s
[17.764s][info][gc,start       ] GC(62) Pause Young (Allocation Failure)
[17.899s][info][gc,heap        ] GC(62) DefNew: 157248K->17472K(157248K)
[17.899s][info][gc,heap        ] GC(62) Tenured: 147761K->231598K(349568K)
[17.899s][info][gc,metaspace   ] GC(62) Metaspace: 14740K->14740K(1062912K)
[17.899s][info][gc             ] GC(62) Pause Young (Allocation Failure) 297M->243M(494M) 135.738ms
[17.899s][info][gc,cpu         ] GC(62) User=0.14s Sys=0.00s Real=0.14s
[17.922s][info][gc,start       ] GC(63) Pause Young (Allocation Failure)
[18.057s][info][gc,heap        ] GC(63) DefNew: 157248K->17472K(157248K)
[18.057s][info][gc,heap        ] GC(63) Tenured: 231598K->315436K(349568K)
[18.057s][info][gc,metaspace   ] GC(63) Metaspace: 14741K->14741K(1062912K)
[18.057s][info][gc             ] GC(63) Pause Young (Allocation Failure) 379M->325M(494M) 135.867ms
[18.057s][info][gc,cpu         ] GC(63) User=0.14s Sys=0.00s Real=0.14s
[18.179s][info][gc,start       ] GC(64) Pause Young (Allocation Failure)
[18.179s][info][gc,start       ] GC(65) Pause Full (Allocation Failure)
[18.179s][info][gc,phases,start] GC(65) Phase 1: Mark live objects
[18.454s][info][gc,phases      ] GC(65) Phase 1: Mark live objects 274.551ms
[18.454s][info][gc,phases,start] GC(65) Phase 2: Compute new object addresses
[18.596s][info][gc,phases      ] GC(65) Phase 2: Compute new object addresses 142.621ms
[18.596s][info][gc,phases,start] GC(65) Phase 3: Adjust pointers
[18.762s][info][gc,phases      ] GC(65) Phase 3: Adjust pointers 165.220ms
[18.762s][info][gc,phases,start] GC(65) Phase 4: Move objects
[19.005s][info][gc,phases      ] GC(65) Phase 4: Move objects 243.535ms
[19.006s][info][gc             ] GC(65) Pause Full (Allocation Failure) 458M->403M(494M) 826.698ms
[19.006s][info][gc,heap        ] GC(64) DefNew: 154283K->63834K(157248K)
[19.006s][info][gc,heap        ] GC(64) Tenured: 315436K->349567K(349568K)
[19.006s][info][gc,metaspace   ] GC(64) Metaspace: 14742K->14742K(1062912K)
[19.006s][info][gc             ] GC(64) Pause Young (Allocation Failure) 458M->403M(494M) 826.852ms
[19.006s][info][gc,cpu         ] GC(64) User=0.83s Sys=0.00s Real=0.83s
[19.174s][info][gc,start       ] GC(66) Pause Full (Allocation Failure)
[19.174s][info][gc,phases,start] GC(66) Phase 1: Mark live objects
[19.256s][info][gc,phases      ] GC(66) Phase 1: Mark live objects 82.469ms
[19.256s][info][gc,phases,start] GC(66) Phase 2: Compute new object addresses
[19.367s][info][gc,phases      ] GC(66) Phase 2: Compute new object addresses 110.857ms
[19.367s][info][gc,phases,start] GC(66) Phase 3: Adjust pointers
[19.394s][info][gc,phases      ] GC(66) Phase 3: Adjust pointers 26.801ms
[19.394s][info][gc,phases,start] GC(66) Phase 4: Move objects
[19.420s][info][gc,phases      ] GC(66) Phase 4: Move objects 25.445ms
[19.420s][info][gc,heap        ] GC(66) DefNew: 157247K->0K(157248K)
[19.420s][info][gc,heap        ] GC(66) Tenured: 349567K->82557K(349568K)
[19.420s][info][gc,metaspace   ] GC(66) Metaspace: 14789K->14789K(1062912K)
[19.420s][info][gc             ] GC(66) Pause Full (Allocation Failure) 494M->80M(494M) 246.331ms
[19.420s][info][gc,cpu         ] GC(66) User=0.23s Sys=0.00s Real=0.25s
[19.443s][info][gc,start       ] GC(67) Pause Young (Allocation Failure)
[19.556s][info][gc,heap        ] GC(67) DefNew: 139776K->17472K(157248K)
[19.556s][info][gc,heap        ] GC(67) Tenured: 82557K->148921K(349568K)
[19.557s][info][gc,metaspace   ] GC(67) Metaspace: 14789K->14789K(1062912K)
[19.557s][info][gc             ] GC(67) Pause Young (Allocation Failure) 217M->162M(494M) 113.909ms
[19.557s][info][gc,cpu         ] GC(67) User=0.11s Sys=0.00s Real=0.11s
[19.580s][info][gc,start       ] GC(68) Pause Young (Allocation Failure)
[19.719s][info][gc,heap        ] GC(68) DefNew: 157248K->17472K(157248K)
[19.719s][info][gc,heap        ] GC(68) Tenured: 148921K->232759K(349568K)
[19.719s][info][gc,metaspace   ] GC(68) Metaspace: 14789K->14789K(1062912K)
[19.719s][info][gc             ] GC(68) Pause Young (Allocation Failure) 298M->244M(494M) 139.476ms
[19.719s][info][gc,cpu         ] GC(68) User=0.14s Sys=0.00s Real=0.14s
[19.742s][info][gc,start       ] GC(69) Pause Young (Allocation Failure)
[19.877s][info][gc,heap        ] GC(69) DefNew: 157248K->17472K(157248K)
[19.877s][info][gc,heap        ] GC(69) Tenured: 232759K->316597K(349568K)
[19.877s][info][gc,metaspace   ] GC(69) Metaspace: 14789K->14789K(1062912K)
[19.877s][info][gc             ] GC(69) Pause Young (Allocation Failure) 380M->326M(494M) 135.608ms
[19.877s][info][gc,cpu         ] GC(69) User=0.13s Sys=0.00s Real=0.14s
[20.007s][info][gc,start       ] GC(70) Pause Young (Allocation Failure)
[20.007s][info][gc,start       ] GC(71) Pause Full (Allocation Failure)
[20.007s][info][gc,phases,start] GC(71) Phase 1: Mark live objects
[20.301s][info][gc,phases      ] GC(71) Phase 1: Mark live objects 293.123ms
[20.301s][info][gc,phases,start] GC(71) Phase 2: Compute new object addresses
[20.443s][info][gc,phases      ] GC(71) Phase 2: Compute new object addresses 142.338ms
[20.443s][info][gc,phases,start] GC(71) Phase 3: Adjust pointers
[20.589s][info][gc,phases      ] GC(71) Phase 3: Adjust pointers 145.765ms
[20.589s][info][gc,phases,start] GC(71) Phase 4: Move objects
[20.657s][info][gc,phases      ] GC(71) Phase 4: Move objects 68.303ms
[20.658s][info][gc             ] GC(71) Pause Full (Allocation Failure) 457M->403M(494M) 650.348ms
[20.658s][info][gc,heap        ] GC(70) DefNew: 151925K->63906K(157248K)
[20.658s][info][gc,heap        ] GC(70) Tenured: 316597K->349567K(349568K)
[20.658s][info][gc,metaspace   ] GC(70) Metaspace: 14790K->14790K(1062912K)
[20.658s][info][gc             ] GC(70) Pause Young (Allocation Failure) 457M->403M(494M) 650.539ms
[20.658s][info][gc,cpu         ] GC(70) User=0.64s Sys=0.00s Real=0.65s
[20.793s][info][gc,start       ] GC(72) Pause Full (Allocation Failure)
[20.793s][info][gc,phases,start] GC(72) Phase 1: Mark live objects
[20.843s][info][gc,phases      ] GC(72) Phase 1: Mark live objects 50.047ms
[20.843s][info][gc,phases,start] GC(72) Phase 2: Compute new object addresses
[20.938s][info][gc,phases      ] GC(72) Phase 2: Compute new object addresses 95.423ms
[20.938s][info][gc,phases,start] GC(72) Phase 3: Adjust pointers
[20.964s][info][gc,phases      ] GC(72) Phase 3: Adjust pointers 25.241ms
[20.964s][info][gc,phases,start] GC(72) Phase 4: Move objects
[20.988s][info][gc,phases      ] GC(72) Phase 4: Move objects 24.504ms
[20.988s][info][gc,heap        ] GC(72) DefNew: 157247K->0K(157248K)
[20.989s][info][gc,heap        ] GC(72) Tenured: 349567K->82737K(349568K)
[20.989s][info][gc,metaspace   ] GC(72) Metaspace: 14794K->14794K(1062912K)
[20.989s][info][gc             ] GC(72) Pause Full (Allocation Failure) 494M->80M(494M) 196.025ms
[20.989s][info][gc,cpu         ] GC(72) User=0.19s Sys=0.00s Real=0.20s
[21.010s][info][gc,start       ] GC(73) Pause Young (Allocation Failure)
[21.142s][info][gc,heap        ] GC(73) DefNew: 139776K->17472K(157248K)
[21.142s][info][gc,heap        ] GC(73) Tenured: 82737K->149102K(349568K)
[21.142s][info][gc,metaspace   ] GC(73) Metaspace: 14794K->14794K(1062912K)
[21.142s][info][gc             ] GC(73) Pause Young (Allocation Failure) 217M->162M(494M) 131.735ms
[21.142s][info][gc,cpu         ] GC(73) User=0.13s Sys=0.00s Real=0.13s
[21.169s][info][gc,start       ] GC(74) Pause Young (Allocation Failure)
[21.311s][info][gc,heap        ] GC(74) DefNew: 157248K->17472K(157248K)
[21.311s][info][gc,heap        ] GC(74) Tenured: 149102K->232939K(349568K)
[21.311s][info][gc,metaspace   ] GC(74) Metaspace: 14794K->14794K(1062912K)
[21.311s][info][gc             ] GC(74) Pause Young (Allocation Failure) 299M->244M(494M) 142.870ms
[21.311s][info][gc,cpu         ] GC(74) User=0.14s Sys=0.00s Real=0.14s
[21.335s][info][gc,start       ] GC(75) Pause Young (Allocation Failure)
[21.469s][info][gc,heap        ] GC(75) DefNew: 157248K->17472K(157248K)
[21.469s][info][gc,heap        ] GC(75) Tenured: 232939K->316777K(349568K)
[21.469s][info][gc,metaspace   ] GC(75) Metaspace: 14794K->14794K(1062912K)
[21.469s][info][gc             ] GC(75) Pause Young (Allocation Failure) 381M->326M(494M) 134.222ms
[21.469s][info][gc,cpu         ] GC(75) User=0.13s Sys=0.00s Real=0.13s
[21.590s][info][gc,start       ] GC(76) Pause Young (Allocation Failure)
[21.590s][info][gc,start       ] GC(77) Pause Full (Allocation Failure)
[21.590s][info][gc,phases,start] GC(77) Phase 1: Mark live objects
[21.978s][info][gc,phases      ] GC(77) Phase 1: Mark live objects 387.754ms
[21.978s][info][gc,phases,start] GC(77) Phase 2: Compute new object addresses
[22.097s][info][gc,phases      ] GC(77) Phase 2: Compute new object addresses 118.896ms
[22.097s][info][gc,phases,start] GC(77) Phase 3: Adjust pointers
[22.247s][info][gc,phases      ] GC(77) Phase 3: Adjust pointers 150.391ms
[22.247s][info][gc,phases,start] GC(77) Phase 4: Move objects
[22.489s][info][gc,phases      ] GC(77) Phase 4: Move objects 242.044ms
[22.490s][info][gc             ] GC(77) Pause Full (Allocation Failure) 457M->403M(494M) 900.060ms
[22.490s][info][gc,heap        ] GC(76) DefNew: 152024K->63972K(157248K)
[22.490s][info][gc,heap        ] GC(76) Tenured: 316777K->349567K(349568K)
[22.490s][info][gc,metaspace   ] GC(76) Metaspace: 14794K->14794K(1062912K)
[22.490s][info][gc             ] GC(76) Pause Young (Allocation Failure) 457M->403M(494M) 900.339ms
[22.490s][info][gc,cpu         ] GC(76) User=0.91s Sys=0.00s Real=0.90s
[22.642s][info][gc,start       ] GC(78) Pause Full (Allocation Failure)
[22.642s][info][gc,phases,start] GC(78) Phase 1: Mark live objects
[22.697s][info][gc,phases      ] GC(78) Phase 1: Mark live objects 54.885ms
[22.697s][info][gc,phases,start] GC(78) Phase 2: Compute new object addresses
[22.805s][info][gc,phases      ] GC(78) Phase 2: Compute new object addresses 107.678ms
[22.805s][info][gc,phases,start] GC(78) Phase 3: Adjust pointers
[22.831s][info][gc,phases      ] GC(78) Phase 3: Adjust pointers 26.219ms
[22.831s][info][gc,phases,start] GC(78) Phase 4: Move objects
[22.856s][info][gc,phases      ] GC(78) Phase 4: Move objects 24.945ms
[22.856s][info][gc,heap        ] GC(78) DefNew: 157247K->0K(157248K)
[22.856s][info][gc,heap        ] GC(78) Tenured: 349568K->82766K(349568K)
[22.856s][info][gc,metaspace   ] GC(78) Metaspace: 14795K->14795K(1062912K)
[22.856s][info][gc             ] GC(78) Pause Full (Allocation Failure) 494M->80M(494M) 214.451ms
[22.856s][info][gc,cpu         ] GC(78) User=0.22s Sys=0.00s Real=0.21s
[22.880s][info][gc,start       ] GC(79) Pause Young (Allocation Failure)
[22.997s][info][gc,heap        ] GC(79) DefNew: 139776K->17472K(157248K)
[22.997s][info][gc,heap        ] GC(79) Tenured: 82766K->149131K(349568K)
[22.997s][info][gc,metaspace   ] GC(79) Metaspace: 14796K->14796K(1062912K)
[22.997s][info][gc             ] GC(79) Pause Young (Allocation Failure) 217M->162M(494M) 117.052ms
[22.997s][info][gc,cpu         ] GC(79) User=0.11s Sys=0.00s Real=0.12s
[23.022s][info][gc,start       ] GC(80) Pause Young (Allocation Failure)
[23.179s][info][gc,heap        ] GC(80) DefNew: 157248K->17472K(157248K)
[23.179s][info][gc,heap        ] GC(80) Tenured: 149131K->232969K(349568K)
[23.179s][info][gc,metaspace   ] GC(80) Metaspace: 14796K->14796K(1062912K)
[23.179s][info][gc             ] GC(80) Pause Young (Allocation Failure) 299M->244M(494M) 156.760ms
[23.179s][info][gc,cpu         ] GC(80) User=0.16s Sys=0.00s Real=0.16s
[23.211s][info][gc,start       ] GC(81) Pause Young (Allocation Failure)
[23.462s][info][gc,heap        ] GC(81) DefNew: 157248K->17472K(157248K)
[23.462s][info][gc,heap        ] GC(81) Tenured: 232969K->316430K(349568K)
[23.462s][info][gc,metaspace   ] GC(81) Metaspace: 14801K->14801K(1062912K)
[23.462s][info][gc             ] GC(81) Pause Young (Allocation Failure) 381M->326M(494M) 250.936ms
[23.462s][info][gc,cpu         ] GC(81) User=0.23s Sys=0.00s Real=0.25s
[23.597s][info][gc,start       ] GC(82) Pause Young (Allocation Failure)
[23.597s][info][gc,start       ] GC(83) Pause Full (Allocation Failure)
[23.597s][info][gc,phases,start] GC(83) Phase 1: Mark live objects
[24.205s][info][gc,phases      ] GC(83) Phase 1: Mark live objects 608.229ms
[24.205s][info][gc,phases,start] GC(83) Phase 2: Compute new object addresses
[24.467s][info][gc,phases      ] GC(83) Phase 2: Compute new object addresses 261.908ms
[24.467s][info][gc,phases,start] GC(83) Phase 3: Adjust pointers
[24.713s][info][gc,phases      ] GC(83) Phase 3: Adjust pointers 245.648ms
[24.713s][info][gc,phases,start] GC(83) Phase 4: Move objects
[24.800s][info][gc,phases      ] GC(83) Phase 4: Move objects 86.995ms
[24.801s][info][gc             ] GC(83) Pause Full (Allocation Failure) 457M->403M(494M) 1203.723ms
[24.801s][info][gc,heap        ] GC(82) DefNew: 151782K->64040K(157248K)
[24.801s][info][gc,heap        ] GC(82) Tenured: 316430K->349567K(349568K)
[24.801s][info][gc,metaspace   ] GC(82) Metaspace: 14801K->14801K(1062912K)
[24.801s][info][gc             ] GC(82) Pause Young (Allocation Failure) 457M->403M(494M) 1203.963ms
[24.801s][info][gc,cpu         ] GC(82) User=1.14s Sys=0.02s Real=1.20s
[24.946s][info][gc,start       ] GC(84) Pause Full (Allocation Failure)
[24.946s][info][gc,phases,start] GC(84) Phase 1: Mark live objects
[25.001s][info][gc,phases      ] GC(84) Phase 1: Mark live objects 55.593ms
[25.001s][info][gc,phases,start] GC(84) Phase 2: Compute new object addresses
[25.102s][info][gc,phases      ] GC(84) Phase 2: Compute new object addresses 100.420ms
[25.102s][info][gc,phases,start] GC(84) Phase 3: Adjust pointers
[25.127s][info][gc,phases      ] GC(84) Phase 3: Adjust pointers 24.593ms
[25.127s][info][gc,phases,start] GC(84) Phase 4: Move objects
[25.150s][info][gc,phases      ] GC(84) Phase 4: Move objects 23.010ms
[25.150s][info][gc,heap        ] GC(84) DefNew: 157247K->0K(157248K)
[25.150s][info][gc,heap        ] GC(84) Tenured: 349567K->82792K(349568K)
[25.150s][info][gc,metaspace   ] GC(84) Metaspace: 14802K->14802K(1062912K)
[25.150s][info][gc             ] GC(84) Pause Full (Allocation Failure) 494M->80M(494M) 204.304ms
[25.150s][info][gc,cpu         ] GC(84) User=0.20s Sys=0.00s Real=0.20s
[25.171s][info][gc,start       ] GC(85) Pause Young (Allocation Failure)
[25.295s][info][gc,heap        ] GC(85) DefNew: 139776K->17472K(157248K)
[25.295s][info][gc,heap        ] GC(85) Tenured: 82792K->149157K(349568K)
[25.295s][info][gc,metaspace   ] GC(85) Metaspace: 14803K->14803K(1062912K)
[25.295s][info][gc             ] GC(85) Pause Young (Allocation Failure) 217M->162M(494M) 123.667ms
[25.295s][info][gc,cpu         ] GC(85) User=0.08s Sys=0.00s Real=0.12s
[25.318s][info][gc,start       ] GC(86) Pause Young (Allocation Failure)
[25.452s][info][gc,heap        ] GC(86) DefNew: 157248K->17472K(157248K)
[25.452s][info][gc,heap        ] GC(86) Tenured: 149157K->232995K(349568K)
[25.452s][info][gc,metaspace   ] GC(86) Metaspace: 14808K->14808K(1062912K)
[25.452s][info][gc             ] GC(86) Pause Young (Allocation Failure) 299M->244M(494M) 134.027ms
[25.452s][info][gc,cpu         ] GC(86) User=0.13s Sys=0.00s Real=0.13s
[25.475s][info][gc,start       ] GC(87) Pause Young (Allocation Failure)
[25.608s][info][gc,heap        ] GC(87) DefNew: 157248K->17472K(157248K)
[25.608s][info][gc,heap        ] GC(87) Tenured: 232995K->316833K(349568K)
[25.608s][info][gc,metaspace   ] GC(87) Metaspace: 14808K->14808K(1062912K)
[25.608s][info][gc             ] GC(87) Pause Young (Allocation Failure) 381M->326M(494M) 133.344ms
[25.608s][info][gc,cpu         ] GC(87) User=0.11s Sys=0.00s Real=0.13s
[25.729s][info][gc,start       ] GC(88) Pause Young (Allocation Failure)
[25.729s][info][gc,start       ] GC(89) Pause Full (Allocation Failure)
[25.730s][info][gc,phases,start] GC(89) Phase 1: Mark live objects
[26.009s][info][gc,phases      ] GC(89) Phase 1: Mark live objects 279.305ms
[26.009s][info][gc,phases,start] GC(89) Phase 2: Compute new object addresses
[26.155s][info][gc,phases      ] GC(89) Phase 2: Compute new object addresses 146.045ms
[26.155s][info][gc,phases,start] GC(89) Phase 3: Adjust pointers
[26.318s][info][gc,phases      ] GC(89) Phase 3: Adjust pointers 163.072ms
[26.318s][info][gc,phases,start] GC(89) Phase 4: Move objects
[26.566s][info][gc,phases      ] GC(89) Phase 4: Move objects 247.160ms
[26.566s][info][gc             ] GC(89) Pause Full (Allocation Failure) 457M->403M(494M) 836.909ms
[26.566s][info][gc,heap        ] GC(88) DefNew: 152056K->64105K(157248K)
[26.566s][info][gc,heap        ] GC(88) Tenured: 316833K->349568K(349568K)
[26.566s][info][gc,metaspace   ] GC(88) Metaspace: 14808K->14808K(1062912K)
[26.566s][info][gc             ] GC(88) Pause Young (Allocation Failure) 457M->403M(494M) 837.097ms
[26.566s][info][gc,cpu         ] GC(88) User=0.83s Sys=0.00s Real=0.84s
[26.698s][info][gc,start       ] GC(90) Pause Full (Allocation Failure)
[26.698s][info][gc,phases,start] GC(90) Phase 1: Mark live objects
[26.750s][info][gc,phases      ] GC(90) Phase 1: Mark live objects 52.449ms
[26.751s][info][gc,phases,start] GC(90) Phase 2: Compute new object addresses
[26.846s][info][gc,phases      ] GC(90) Phase 2: Compute new object addresses 95.445ms
[26.846s][info][gc,phases,start] GC(90) Phase 3: Adjust pointers
[26.870s][info][gc,phases      ] GC(90) Phase 3: Adjust pointers 23.664ms
[26.870s][info][gc,phases,start] GC(90) Phase 4: Move objects
[26.893s][info][gc,phases      ] GC(90) Phase 4: Move objects 22.756ms
[26.893s][info][gc,heap        ] GC(90) DefNew: 157247K->0K(157248K)
[26.893s][info][gc,heap        ] GC(90) Tenured: 349568K->82819K(349568K)
[26.893s][info][gc,metaspace   ] GC(90) Metaspace: 14808K->14808K(1062912K)
[26.893s][info][gc             ] GC(90) Pause Full (Allocation Failure) 494M->80M(494M) 194.994ms
[26.893s][info][gc,cpu         ] GC(90) User=0.19s Sys=0.00s Real=0.20s
[26.914s][info][gc,start       ] GC(91) Pause Young (Allocation Failure)
[27.020s][info][gc,heap        ] GC(91) DefNew: 139776K->17472K(157248K)
[27.020s][info][gc,heap        ] GC(91) Tenured: 82819K->149183K(349568K)
[27.020s][info][gc,metaspace   ] GC(91) Metaspace: 14808K->14808K(1062912K)
[27.020s][info][gc             ] GC(91) Pause Young (Allocation Failure) 217M->162M(494M) 106.245ms
[27.020s][info][gc,cpu         ] GC(91) User=0.09s Sys=0.02s Real=0.11s
[27.042s][info][gc,start       ] GC(92) Pause Young (Allocation Failure)
[27.181s][info][gc,heap        ] GC(92) DefNew: 157248K->17472K(157248K)
[27.181s][info][gc,heap        ] GC(92) Tenured: 149183K->233021K(349568K)
[27.182s][info][gc,metaspace   ] GC(92) Metaspace: 14808K->14808K(1062912K)
[27.182s][info][gc             ] GC(92) Pause Young (Allocation Failure) 299M->244M(494M) 139.342ms
[27.182s][info][gc,cpu         ] GC(92) User=0.14s Sys=0.00s Real=0.14s
[27.212s][info][gc,start       ] GC(93) Pause Young (Allocation Failure)
[27.391s][info][gc,heap        ] GC(93) DefNew: 157248K->17472K(157248K)
[27.391s][info][gc,heap        ] GC(93) Tenured: 233021K->316668K(349568K)
[27.391s][info][gc,metaspace   ] GC(93) Metaspace: 14827K->14827K(1062912K)
[27.391s][info][gc             ] GC(93) Pause Young (Allocation Failure) 381M->326M(494M) 179.173ms
[27.392s][info][gc,cpu         ] GC(93) User=0.16s Sys=0.00s Real=0.18s
[27.513s][info][gc,start       ] GC(94) Pause Young (Allocation Failure)
[27.514s][info][gc,start       ] GC(95) Pause Full (Allocation Failure)
[27.514s][info][gc,phases,start] GC(95) Phase 1: Mark live objects
[27.819s][info][gc,phases      ] GC(95) Phase 1: Mark live objects 305.594ms
[27.819s][info][gc,phases,start] GC(95) Phase 2: Compute new object addresses
[27.975s][info][gc,phases      ] GC(95) Phase 2: Compute new object addresses 155.410ms
[27.975s][info][gc,phases,start] GC(95) Phase 3: Adjust pointers
[28.136s][info][gc,phases      ] GC(95) Phase 3: Adjust pointers 161.383ms
[28.136s][info][gc,phases,start] GC(95) Phase 4: Move objects
[28.212s][info][gc,phases      ] GC(95) Phase 4: Move objects 75.742ms
[28.212s][info][gc             ] GC(95) Pause Full (Allocation Failure) 457M->404M(494M) 698.955ms
[28.213s][info][gc,heap        ] GC(94) DefNew: 151891K->64171K(157248K)
[28.213s][info][gc,heap        ] GC(94) Tenured: 316668K->349567K(349568K)
[28.213s][info][gc,metaspace   ] GC(94) Metaspace: 14827K->14827K(1062912K)
[28.213s][info][gc             ] GC(94) Pause Young (Allocation Failure) 457M->404M(494M) 699.245ms
[28.213s][info][gc,cpu         ] GC(94) User=0.70s Sys=0.00s Real=0.70s
[28.352s][info][gc,start       ] GC(96) Pause Full (Allocation Failure)
[28.352s][info][gc,phases,start] GC(96) Phase 1: Mark live objects
[28.405s][info][gc,phases      ] GC(96) Phase 1: Mark live objects 53.212ms
[28.405s][info][gc,phases,start] GC(96) Phase 2: Compute new object addresses
[28.504s][info][gc,phases      ] GC(96) Phase 2: Compute new object addresses 98.683ms
[28.504s][info][gc,phases,start] GC(96) Phase 3: Adjust pointers
[28.528s][info][gc,phases      ] GC(96) Phase 3: Adjust pointers 24.403ms
[28.528s][info][gc,phases,start] GC(96) Phase 4: Move objects
[28.551s][info][gc,phases      ] GC(96) Phase 4: Move objects 22.281ms
[28.551s][info][gc,heap        ] GC(96) DefNew: 157247K->0K(157248K)
[28.551s][info][gc,heap        ] GC(96) Tenured: 349568K->82845K(349568K)
[28.551s][info][gc,metaspace   ] GC(96) Metaspace: 14827K->14827K(1062912K)
[28.551s][info][gc             ] GC(96) Pause Full (Allocation Failure) 494M->80M(494M) 199.219ms
[28.551s][info][gc,cpu         ] GC(96) User=0.17s Sys=0.02s Real=0.20s
[28.573s][info][gc,start       ] GC(97) Pause Young (Allocation Failure)
[28.681s][info][gc,heap        ] GC(97) DefNew: 139776K->17472K(157248K)
[28.681s][info][gc,heap        ] GC(97) Tenured: 82845K->149210K(349568K)
[28.681s][info][gc,metaspace   ] GC(97) Metaspace: 14827K->14827K(1062912K)
[28.681s][info][gc             ] GC(97) Pause Young (Allocation Failure) 217M->162M(494M) 108.400ms
[28.681s][info][gc,cpu         ] GC(97) User=0.11s Sys=0.00s Real=0.11s
[28.703s][info][gc,start       ] GC(98) Pause Young (Allocation Failure)
[28.831s][info][gc,heap        ] GC(98) DefNew: 157248K->17472K(157248K)
[28.831s][info][gc,heap        ] GC(98) Tenured: 149210K->233047K(349568K)
[28.831s][info][gc,metaspace   ] GC(98) Metaspace: 14827K->14827K(1062912K)
[28.831s][info][gc             ] GC(98) Pause Young (Allocation Failure) 299M->244M(494M) 128.619ms
[28.831s][info][gc,cpu         ] GC(98) User=0.13s Sys=0.00s Real=0.13s
[28.858s][info][gc,start       ] GC(99) Pause Young (Allocation Failure)
[28.997s][info][gc,heap        ] GC(99) DefNew: 157248K->17472K(157248K)
[28.997s][info][gc,heap        ] GC(99) Tenured: 233047K->316885K(349568K)
[28.997s][info][gc,metaspace   ] GC(99) Metaspace: 14827K->14827K(1062912K)
[28.997s][info][gc             ] GC(99) Pause Young (Allocation Failure) 381M->326M(494M) 139.731ms
[28.997s][info][gc,cpu         ] GC(99) User=0.14s Sys=0.00s Real=0.14s
[29.118s][info][gc,start       ] GC(100) Pause Young (Allocation Failure)
[29.118s][info][gc,start       ] GC(101) Pause Full (Allocation Failure)
[29.118s][info][gc,phases,start] GC(101) Phase 1: Mark live objects
[29.510s][info][gc,phases      ] GC(101) Phase 1: Mark live objects 391.396ms
[29.510s][info][gc,phases,start] GC(101) Phase 2: Compute new object addresses
[29.637s][info][gc,phases      ] GC(101) Phase 2: Compute new object addresses 127.515ms
[29.637s][info][gc,phases,start] GC(101) Phase 3: Adjust pointers
[29.788s][info][gc,phases      ] GC(101) Phase 3: Adjust pointers 151.109ms
[29.788s][info][gc,phases,start] GC(101) Phase 4: Move objects
[30.031s][info][gc,phases      ] GC(101) Phase 4: Move objects 242.471ms
[30.031s][info][gc             ] GC(101) Pause Full (Allocation Failure) 457M->404M(494M) 913.317ms
[30.031s][info][gc,heap        ] GC(100) DefNew: 152029K->64237K(157248K)
[30.031s][info][gc,heap        ] GC(100) Tenured: 316885K->349568K(349568K)
[30.032s][info][gc,metaspace   ] GC(100) Metaspace: 14829K->14829K(1062912K)
[30.032s][info][gc             ] GC(100) Pause Young (Allocation Failure) 457M->404M(494M) 913.539ms
[30.032s][info][gc,cpu         ] GC(100) User=0.91s Sys=0.00s Real=0.91s
[30.199s][info][gc,start       ] GC(102) Pause Full (Allocation Failure)
[30.199s][info][gc,phases,start] GC(102) Phase 1: Mark live objects
[30.311s][info][gc,phases      ] GC(102) Phase 1: Mark live objects 111.271ms
[30.311s][info][gc,phases,start] GC(102) Phase 2: Compute new object addresses
[30.485s][info][gc,phases      ] GC(102) Phase 2: Compute new object addresses 174.628ms
[30.486s][info][gc,phases,start] GC(102) Phase 3: Adjust pointers
[30.526s][info][gc,phases      ] GC(102) Phase 3: Adjust pointers 40.798ms
[30.526s][info][gc,phases,start] GC(102) Phase 4: Move objects
[30.553s][info][gc,phases      ] GC(102) Phase 4: Move objects 26.806ms
[30.553s][info][gc,heap        ] GC(102) DefNew: 157247K->0K(157248K)
[30.553s][info][gc,heap        ] GC(102) Tenured: 349568K->82872K(349568K)
[30.553s][info][gc,metaspace   ] GC(102) Metaspace: 14829K->14829K(1062912K)
[30.554s][info][gc             ] GC(102) Pause Full (Allocation Failure) 494M->80M(494M) 354.401ms
[30.554s][info][gc,cpu         ] GC(102) User=0.36s Sys=0.00s Real=0.35s
[30.574s][info][gc,start       ] GC(103) Pause Young (Allocation Failure)
[30.665s][info][gc,heap        ] GC(103) DefNew: 139776K->17472K(157248K)
[30.665s][info][gc,heap        ] GC(103) Tenured: 82872K->149236K(349568K)
[30.665s][info][gc,metaspace   ] GC(103) Metaspace: 14829K->14829K(1062912K)
[30.665s][info][gc             ] GC(103) Pause Young (Allocation Failure) 217M->162M(494M) 91.777ms
[30.665s][info][gc,cpu         ] GC(103) User=0.09s Sys=0.00s Real=0.09s
[30.684s][info][gc,start       ] GC(104) Pause Young (Allocation Failure)
[30.792s][info][gc,heap        ] GC(104) DefNew: 157248K->17472K(157248K)
[30.792s][info][gc,heap        ] GC(104) Tenured: 149236K->233074K(349568K)
[30.792s][info][gc,metaspace   ] GC(104) Metaspace: 14829K->14829K(1062912K)
[30.792s][info][gc             ] GC(104) Pause Young (Allocation Failure) 299M->244M(494M) 107.895ms
[30.792s][info][gc,cpu         ] GC(104) User=0.11s Sys=0.00s Real=0.11s
[30.813s][info][gc,start       ] GC(105) Pause Young (Allocation Failure)
[30.927s][info][gc,heap        ] GC(105) DefNew: 157248K->17472K(157248K)
[30.927s][info][gc,heap        ] GC(105) Tenured: 233074K->316912K(349568K)
[30.927s][info][gc,metaspace   ] GC(105) Metaspace: 14830K->14830K(1062912K)
[30.927s][info][gc             ] GC(105) Pause Young (Allocation Failure) 381M->326M(494M) 113.991ms
[30.927s][info][gc,cpu         ] GC(105) User=0.13s Sys=0.00s Real=0.11s
[31.046s][info][gc,start       ] GC(106) Pause Young (Allocation Failure)
[31.046s][info][gc,start       ] GC(107) Pause Full (Allocation Failure)
[31.047s][info][gc,phases,start] GC(107) Phase 1: Mark live objects
[31.304s][info][gc,phases      ] GC(107) Phase 1: Mark live objects 257.092ms
[31.304s][info][gc,phases,start] GC(107) Phase 2: Compute new object addresses
[31.442s][info][gc,phases      ] GC(107) Phase 2: Compute new object addresses 137.926ms
[31.442s][info][gc,phases,start] GC(107) Phase 3: Adjust pointers
[31.584s][info][gc,phases      ] GC(107) Phase 3: Adjust pointers 141.660ms
[31.584s][info][gc,phases,start] GC(107) Phase 4: Move objects
[31.655s][info][gc,phases      ] GC(107) Phase 4: Move objects 71.069ms
[31.655s][info][gc             ] GC(107) Pause Full (Allocation Failure) 457M->404M(494M) 608.746ms
[31.655s][info][gc,heap        ] GC(106) DefNew: 152002K->64304K(157248K)
[31.655s][info][gc,heap        ] GC(106) Tenured: 316912K->349567K(349568K)
[31.655s][info][gc,metaspace   ] GC(106) Metaspace: 14830K->14830K(1062912K)
[31.655s][info][gc             ] GC(106) Pause Young (Allocation Failure) 457M->404M(494M) 608.903ms
[31.655s][info][gc,cpu         ] GC(106) User=0.61s Sys=0.00s Real=0.61s
[31.869s][info][gc,start       ] GC(108) Pause Full (Allocation Failure)
[31.869s][info][gc,phases,start] GC(108) Phase 1: Mark live objects
[31.933s][info][gc,phases      ] GC(108) Phase 1: Mark live objects 63.921ms
[31.933s][info][gc,phases,start] GC(108) Phase 2: Compute new object addresses
[32.039s][info][gc,phases      ] GC(108) Phase 2: Compute new object addresses 105.656ms
[32.039s][info][gc,phases,start] GC(108) Phase 3: Adjust pointers
[32.065s][info][gc,phases      ] GC(108) Phase 3: Adjust pointers 26.282ms
[32.065s][info][gc,phases,start] GC(108) Phase 4: Move objects
[32.089s][info][gc,phases      ] GC(108) Phase 4: Move objects 23.557ms
[32.089s][info][gc,heap        ] GC(108) DefNew: 157248K->0K(157248K)
[32.089s][info][gc,heap        ] GC(108) Tenured: 349567K->82700K(349568K)
[32.089s][info][gc,metaspace   ] GC(108) Metaspace: 14852K->14852K(1062912K)
[32.089s][info][gc             ] GC(108) Pause Full (Allocation Failure) 494M->80M(494M) 220.267ms
[32.089s][info][gc,cpu         ] GC(108) User=0.22s Sys=0.00s Real=0.22s
[32.111s][info][gc,start       ] GC(109) Pause Young (Allocation Failure)
[32.222s][info][gc,heap        ] GC(109) DefNew: 139776K->17472K(157248K)
[32.222s][info][gc,heap        ] GC(109) Tenured: 82700K->149065K(349568K)
[32.222s][info][gc,metaspace   ] GC(109) Metaspace: 14852K->14852K(1062912K)
[32.222s][info][gc             ] GC(109) Pause Young (Allocation Failure) 217M->162M(494M) 110.950ms
[32.222s][info][gc,cpu         ] GC(109) User=0.11s Sys=0.00s Real=0.11s
[32.248s][info][gc,start       ] GC(110) Pause Young (Allocation Failure)
[32.378s][info][gc,heap        ] GC(110) DefNew: 157248K->17472K(157248K)
[32.378s][info][gc,heap        ] GC(110) Tenured: 149065K->232903K(349568K)
[32.378s][info][gc,metaspace   ] GC(110) Metaspace: 14852K->14852K(1062912K)
[32.378s][info][gc             ] GC(110) Pause Young (Allocation Failure) 299M->244M(494M) 130.367ms
[32.378s][info][gc,cpu         ] GC(110) User=0.13s Sys=0.00s Real=0.13s
[32.406s][info][gc,start       ] GC(111) Pause Young (Allocation Failure)
[32.535s][info][gc,heap        ] GC(111) DefNew: 157248K->17472K(157248K)
[32.535s][info][gc,heap        ] GC(111) Tenured: 232903K->316741K(349568K)
[32.535s][info][gc,metaspace   ] GC(111) Metaspace: 14852K->14852K(1062912K)
[32.535s][info][gc             ] GC(111) Pause Young (Allocation Failure) 381M->326M(494M) 129.678ms
[32.535s][info][gc,cpu         ] GC(111) User=0.14s Sys=0.00s Real=0.13s
[32.655s][info][gc,start       ] GC(112) Pause Young (Allocation Failure)
[32.655s][info][gc,start       ] GC(113) Pause Full (Allocation Failure)
[32.656s][info][gc,phases,start] GC(113) Phase 1: Mark live objects
[32.934s][info][gc,phases      ] GC(113) Phase 1: Mark live objects 278.479ms
[32.934s][info][gc,phases,start] GC(113) Phase 2: Compute new object addresses
[33.077s][info][gc,phases      ] GC(113) Phase 2: Compute new object addresses 143.094ms
[33.077s][info][gc,phases,start] GC(113) Phase 3: Adjust pointers
[33.242s][info][gc,phases      ] GC(113) Phase 3: Adjust pointers 164.201ms
[33.242s][info][gc,phases,start] GC(113) Phase 4: Move objects
[33.504s][info][gc,phases      ] GC(113) Phase 4: Move objects 262.505ms
[33.505s][info][gc             ] GC(113) Pause Full (Allocation Failure) 457M->404M(494M) 849.143ms
[33.505s][info][gc,heap        ] GC(112) DefNew: 151969K->64369K(157248K)
[33.505s][info][gc,heap        ] GC(112) Tenured: 316741K->349567K(349568K)
[33.505s][info][gc,metaspace   ] GC(112) Metaspace: 14852K->14852K(1062912K)
[33.505s][info][gc             ] GC(112) Pause Young (Allocation Failure) 457M->404M(494M) 849.308ms
[33.505s][info][gc,cpu         ] GC(112) User=0.80s Sys=0.00s Real=0.85s
[33.718s][info][gc,start       ] GC(114) Pause Full (Allocation Failure)
[33.719s][info][gc,phases,start] GC(114) Phase 1: Mark live objects
[33.831s][info][gc,phases      ] GC(114) Phase 1: Mark live objects 112.020ms
[33.831s][info][gc,phases,start] GC(114) Phase 2: Compute new object addresses
[33.983s][info][gc,phases      ] GC(114) Phase 2: Compute new object addresses 152.152ms
[33.983s][info][gc,phases,start] GC(114) Phase 3: Adjust pointers
[34.016s][info][gc,phases      ] GC(114) Phase 3: Adjust pointers 32.498ms
[34.016s][info][gc,phases,start] GC(114) Phase 4: Move objects
[34.049s][info][gc,phases      ] GC(114) Phase 4: Move objects 32.963ms
[34.049s][info][gc,heap        ] GC(114) DefNew: 157247K->0K(157248K)
[34.049s][info][gc,heap        ] GC(114) Tenured: 349567K->82924K(349568K)
[34.049s][info][gc,metaspace   ] GC(114) Metaspace: 14855K->14855K(1062912K)
[34.049s][info][gc             ] GC(114) Pause Full (Allocation Failure) 494M->80M(494M) 330.671ms
[34.049s][info][gc,cpu         ] GC(114) User=0.33s Sys=0.00s Real=0.33s
[34.071s][info][gc,start       ] GC(115) Pause Young (Allocation Failure)
[34.163s][info][gc,heap        ] GC(115) DefNew: 139776K->17472K(157248K)
[34.163s][info][gc,heap        ] GC(115) Tenured: 82924K->149288K(349568K)
[34.163s][info][gc,metaspace   ] GC(115) Metaspace: 14855K->14855K(1062912K)
[34.163s][info][gc             ] GC(115) Pause Young (Allocation Failure) 217M->162M(494M) 91.862ms
[34.163s][info][gc,cpu         ] GC(115) User=0.09s Sys=0.00s Real=0.09s
[34.182s][info][gc,start       ] GC(116) Pause Young (Allocation Failure)
[34.287s][info][gc,heap        ] GC(116) DefNew: 157248K->17472K(157248K)
[34.287s][info][gc,heap        ] GC(116) Tenured: 149288K->233126K(349568K)
[34.287s][info][gc,metaspace   ] GC(116) Metaspace: 14855K->14855K(1062912K)
[34.287s][info][gc             ] GC(116) Pause Young (Allocation Failure) 299M->244M(494M) 105.247ms
[34.287s][info][gc,cpu         ] GC(116) User=0.11s Sys=0.00s Real=0.11s
[34.305s][info][gc,start       ] GC(117) Pause Young (Allocation Failure)
[34.413s][info][gc,heap        ] GC(117) DefNew: 157248K->17472K(157248K)
[34.413s][info][gc,heap        ] GC(117) Tenured: 233126K->316964K(349568K)
[34.413s][info][gc,metaspace   ] GC(117) Metaspace: 14855K->14855K(1062912K)
[34.413s][info][gc             ] GC(117) Pause Young (Allocation Failure) 381M->326M(494M) 107.385ms
[34.413s][info][gc,cpu         ] GC(117) User=0.11s Sys=0.00s Real=0.11s
[34.531s][info][gc,start       ] GC(118) Pause Young (Allocation Failure)
[34.532s][info][gc,start       ] GC(119) Pause Full (Allocation Failure)
[34.532s][info][gc,phases,start] GC(119) Phase 1: Mark live objects
[34.799s][info][gc,phases      ] GC(119) Phase 1: Mark live objects 267.262ms
[34.799s][info][gc,phases,start] GC(119) Phase 2: Compute new object addresses
[34.958s][info][gc,phases      ] GC(119) Phase 2: Compute new object addresses 159.438ms
[34.959s][info][gc,phases,start] GC(119) Phase 3: Adjust pointers
[35.121s][info][gc,phases      ] GC(119) Phase 3: Adjust pointers 162.012ms
[35.121s][info][gc,phases,start] GC(119) Phase 4: Move objects
[35.181s][info][gc,phases      ] GC(119) Phase 4: Move objects 60.258ms
[35.181s][info][gc             ] GC(119) Pause Full (Allocation Failure) 458M->404M(494M) 649.694ms
[35.181s][info][gc,heap        ] GC(118) DefNew: 152032K->64435K(157248K)
[35.181s][info][gc,heap        ] GC(118) Tenured: 316964K->349567K(349568K)
[35.181s][info][gc,metaspace   ] GC(118) Metaspace: 14855K->14855K(1062912K)
[35.181s][info][gc             ] GC(118) Pause Young (Allocation Failure) 458M->404M(494M) 649.838ms
[35.181s][info][gc,cpu         ] GC(118) User=0.66s Sys=0.00s Real=0.65s
[35.351s][info][gc,start       ] GC(120) Pause Full (Allocation Failure)
[35.351s][info][gc,phases,start] GC(120) Phase 1: Mark live objects
[35.407s][info][gc,phases      ] GC(120) Phase 1: Mark live objects 56.236ms
[35.407s][info][gc,phases,start] GC(120) Phase 2: Compute new object addresses
[35.508s][info][gc,phases      ] GC(120) Phase 2: Compute new object addresses 100.643ms
[35.508s][info][gc,phases,start] GC(120) Phase 3: Adjust pointers
[35.534s][info][gc,phases      ] GC(120) Phase 3: Adjust pointers 26.135ms
[35.534s][info][gc,phases,start] GC(120) Phase 4: Move objects
[35.559s][info][gc,phases      ] GC(120) Phase 4: Move objects 25.263ms
[35.559s][info][gc,heap        ] GC(120) DefNew: 157247K->0K(157248K)
[35.560s][info][gc,heap        ] GC(120) Tenured: 349568K->82815K(349568K)
[35.560s][info][gc,metaspace   ] GC(120) Metaspace: 14870K->14870K(1062912K)
[35.560s][info][gc             ] GC(120) Pause Full (Allocation Failure) 494M->80M(494M) 208.995ms
[35.560s][info][gc,cpu         ] GC(120) User=0.20s Sys=0.00s Real=0.21s
[35.582s][info][gc,start       ] GC(121) Pause Young (Allocation Failure)
[35.690s][info][gc,heap        ] GC(121) DefNew: 139776K->17472K(157248K)
[35.690s][info][gc,heap        ] GC(121) Tenured: 82815K->149180K(349568K)
[35.690s][info][gc,metaspace   ] GC(121) Metaspace: 14870K->14870K(1062912K)
[35.690s][info][gc             ] GC(121) Pause Young (Allocation Failure) 217M->162M(494M) 108.259ms
[35.690s][info][gc,cpu         ] GC(121) User=0.11s Sys=0.00s Real=0.11s
[35.712s][info][gc,start       ] GC(122) Pause Young (Allocation Failure)
[35.845s][info][gc,heap        ] GC(122) DefNew: 157248K->17472K(157248K)
[35.845s][info][gc,heap        ] GC(122) Tenured: 149180K->233017K(349568K)
[35.845s][info][gc,metaspace   ] GC(122) Metaspace: 14870K->14870K(1062912K)
[35.845s][info][gc             ] GC(122) Pause Young (Allocation Failure) 299M->244M(494M) 133.103ms
[35.845s][info][gc,cpu         ] GC(122) User=0.13s Sys=0.00s Real=0.13s
[35.887s][info][gc,start       ] GC(123) Pause Young (Allocation Failure)
[36.121s][info][gc,heap        ] GC(123) DefNew: 157248K->17472K(157248K)
[36.121s][info][gc,heap        ] GC(123) Tenured: 233017K->316855K(349568K)
[36.121s][info][gc,metaspace   ] GC(123) Metaspace: 14870K->14870K(1062912K)
[36.121s][info][gc             ] GC(123) Pause Young (Allocation Failure) 381M->326M(494M) 234.099ms
[36.121s][info][gc,cpu         ] GC(123) User=0.23s Sys=0.00s Real=0.23s
[36.249s][info][gc,start       ] GC(124) Pause Young (Allocation Failure)
[36.249s][info][gc,start       ] GC(125) Pause Full (Allocation Failure)
[36.250s][info][gc,phases,start] GC(125) Phase 1: Mark live objects
[36.519s][info][gc,phases      ] GC(125) Phase 1: Mark live objects 269.321ms
[36.519s][info][gc,phases,start] GC(125) Phase 2: Compute new object addresses
[36.642s][info][gc,phases      ] GC(125) Phase 2: Compute new object addresses 122.799ms
[36.642s][info][gc,phases,start] GC(125) Phase 3: Adjust pointers
[36.849s][info][gc,phases      ] GC(125) Phase 3: Adjust pointers 207.607ms
[36.849s][info][gc,phases,start] GC(125) Phase 4: Move objects
[37.161s][info][gc,phases      ] GC(125) Phase 4: Move objects 312.086ms
[37.162s][info][gc             ] GC(125) Pause Full (Allocation Failure) 457M->404M(494M) 913.016ms
[37.162s][info][gc,heap        ] GC(124) DefNew: 151980K->64502K(157248K)
[37.162s][info][gc,heap        ] GC(124) Tenured: 316855K->349568K(349568K)
[37.162s][info][gc,metaspace   ] GC(124) Metaspace: 14871K->14871K(1062912K)
[37.162s][info][gc             ] GC(124) Pause Young (Allocation Failure) 457M->404M(494M) 913.201ms
[37.162s][info][gc,cpu         ] GC(124) User=0.92s Sys=0.00s Real=0.91s
[37.291s][info][gc,start       ] GC(126) Pause Full (Allocation Failure)
[37.291s][info][gc,phases,start] GC(126) Phase 1: Mark live objects
[37.338s][info][gc,phases      ] GC(126) Phase 1: Mark live objects 47.385ms
[37.338s][info][gc,phases,start] GC(126) Phase 2: Compute new object addresses
[37.420s][info][gc,phases      ] GC(126) Phase 2: Compute new object addresses 81.196ms
[37.420s][info][gc,phases,start] GC(126) Phase 3: Adjust pointers
[37.440s][info][gc,phases      ] GC(126) Phase 3: Adjust pointers 20.571ms
[37.440s][info][gc,phases,start] GC(126) Phase 4: Move objects
[37.460s][info][gc,phases      ] GC(126) Phase 4: Move objects 19.580ms
[37.460s][info][gc,heap        ] GC(126) DefNew: 157247K->0K(157248K)
[37.460s][info][gc,heap        ] GC(126) Tenured: 349568K->82978K(349568K)
[37.460s][info][gc,metaspace   ] GC(126) Metaspace: 14872K->14872K(1062912K)
[37.460s][info][gc             ] GC(126) Pause Full (Allocation Failure) 494M->81M(494M) 169.324ms
[37.460s][info][gc,cpu         ] GC(126) User=0.17s Sys=0.00s Real=0.17s
[37.479s][info][gc,start       ] GC(127) Pause Young (Allocation Failure)
[37.568s][info][gc,heap        ] GC(127) DefNew: 139776K->17472K(157248K)
[37.568s][info][gc,heap        ] GC(127) Tenured: 82978K->149342K(349568K)
[37.568s][info][gc,metaspace   ] GC(127) Metaspace: 14873K->14873K(1062912K)
[37.568s][info][gc             ] GC(127) Pause Young (Allocation Failure) 217M->162M(494M) 88.979ms
[37.568s][info][gc,cpu         ] GC(127) User=0.09s Sys=0.00s Real=0.09s
[37.587s][info][gc,start       ] GC(128) Pause Young (Allocation Failure)
[37.702s][info][gc,heap        ] GC(128) DefNew: 157248K->17472K(157248K)
[37.702s][info][gc,heap        ] GC(128) Tenured: 149342K->233180K(349568K)
[37.702s][info][gc,metaspace   ] GC(128) Metaspace: 14873K->14873K(1062912K)
[37.702s][info][gc             ] GC(128) Pause Young (Allocation Failure) 299M->244M(494M) 114.563ms
[37.702s][info][gc,cpu         ] GC(128) User=0.11s Sys=0.00s Real=0.11s
[37.722s][info][gc,start       ] GC(129) Pause Young (Allocation Failure)
[37.846s][info][gc,heap        ] GC(129) DefNew: 157248K->17472K(157248K)
[37.846s][info][gc,heap        ] GC(129) Tenured: 233180K->317018K(349568K)
[37.846s][info][gc,metaspace   ] GC(129) Metaspace: 14873K->14873K(1062912K)
[37.846s][info][gc             ] GC(129) Pause Young (Allocation Failure) 381M->326M(494M) 124.584ms
[37.846s][info][gc,cpu         ] GC(129) User=0.13s Sys=0.00s Real=0.12s
[37.966s][info][gc,start       ] GC(130) Pause Young (Allocation Failure)
[37.966s][info][gc,start       ] GC(131) Pause Full (Allocation Failure)
[37.966s][info][gc,phases,start] GC(131) Phase 1: Mark live objects
[38.240s][info][gc,phases      ] GC(131) Phase 1: Mark live objects 274.128ms
[38.240s][info][gc,phases,start] GC(131) Phase 2: Compute new object addresses
[38.388s][info][gc,phases      ] GC(131) Phase 2: Compute new object addresses 147.483ms
[38.388s][info][gc,phases,start] GC(131) Phase 3: Adjust pointers
[38.551s][info][gc,phases      ] GC(131) Phase 3: Adjust pointers 163.258ms
[38.551s][info][gc,phases,start] GC(131) Phase 4: Move objects
[38.634s][info][gc,phases      ] GC(131) Phase 4: Move objects 83.134ms
[38.635s][info][gc             ] GC(131) Pause Full (Allocation Failure) 458M->404M(494M) 669.177ms
[38.635s][info][gc,heap        ] GC(130) DefNew: 152023K->64569K(157248K)
[38.635s][info][gc,heap        ] GC(130) Tenured: 317018K->349567K(349568K)
[38.635s][info][gc,metaspace   ] GC(130) Metaspace: 14873K->14873K(1062912K)
[38.635s][info][gc             ] GC(130) Pause Young (Allocation Failure) 458M->404M(494M) 669.370ms
[38.635s][info][gc,cpu         ] GC(130) User=0.63s Sys=0.02s Real=0.67s
[38.773s][info][gc,start       ] GC(132) Pause Full (Allocation Failure)
[38.773s][info][gc,phases,start] GC(132) Phase 1: Mark live objects
[38.827s][info][gc,phases      ] GC(132) Phase 1: Mark live objects 54.573ms
[38.827s][info][gc,phases,start] GC(132) Phase 2: Compute new object addresses
[38.926s][info][gc,phases      ] GC(132) Phase 2: Compute new object addresses 98.913ms
[38.926s][info][gc,phases,start] GC(132) Phase 3: Adjust pointers
[38.949s][info][gc,phases      ] GC(132) Phase 3: Adjust pointers 22.701ms
[38.949s][info][gc,phases,start] GC(132) Phase 4: Move objects
[38.973s][info][gc,phases      ] GC(132) Phase 4: Move objects 23.479ms
[38.973s][info][gc,heap        ] GC(132) DefNew: 157247K->0K(157248K)
[38.973s][info][gc,heap        ] GC(132) Tenured: 349567K->83004K(349568K)
[38.973s][info][gc,metaspace   ] GC(132) Metaspace: 14873K->14873K(1062912K)
[38.973s][info][gc             ] GC(132) Pause Full (Allocation Failure) 494M->81M(494M) 200.310ms
[38.973s][info][gc,cpu         ] GC(132) User=0.20s Sys=0.00s Real=0.20s
[38.998s][info][gc,start       ] GC(133) Pause Young (Allocation Failure)
[39.104s][info][gc,heap        ] GC(133) DefNew: 139776K->17472K(157248K)
[39.104s][info][gc,heap        ] GC(133) Tenured: 83004K->149369K(349568K)
[39.104s][info][gc,metaspace   ] GC(133) Metaspace: 14873K->14873K(1062912K)
[39.104s][info][gc             ] GC(133) Pause Young (Allocation Failure) 217M->162M(494M) 105.688ms
[39.104s][info][gc,cpu         ] GC(133) User=0.11s Sys=0.00s Real=0.11s
[39.129s][info][gc,start       ] GC(134) Pause Young (Allocation Failure)
[39.331s][info][gc,heap        ] GC(134) DefNew: 157248K->17471K(157248K)
[39.332s][info][gc,heap        ] GC(134) Tenured: 149369K->233044K(349568K)
[39.332s][info][gc,metaspace   ] GC(134) Metaspace: 14893K->14893K(1062912K)
[39.332s][info][gc             ] GC(134) Pause Young (Allocation Failure) 299M->244M(494M) 202.537ms
[39.332s][info][gc,cpu         ] GC(134) User=0.17s Sys=0.00s Real=0.20s
[39.364s][info][gc,start       ] GC(135) Pause Young (Allocation Failure)
[39.578s][info][gc,heap        ] GC(135) DefNew: 157247K->17472K(157248K)
[39.578s][info][gc,heap        ] GC(135) Tenured: 233044K->316882K(349568K)
[39.578s][info][gc,metaspace   ] GC(135) Metaspace: 14893K->14893K(1062912K)
[39.578s][info][gc             ] GC(135) Pause Young (Allocation Failure) 381M->326M(494M) 213.642ms
[39.578s][info][gc,cpu         ] GC(135) User=0.22s Sys=0.00s Real=0.21s
[39.710s][info][gc,start       ] GC(136) Pause Young (Allocation Failure)
[39.710s][info][gc,start       ] GC(137) Pause Full (Allocation Failure)
[39.711s][info][gc,phases,start] GC(137) Phase 1: Mark live objects
[40.084s][info][gc,phases      ] GC(137) Phase 1: Mark live objects 373.198ms
[40.084s][info][gc,phases,start] GC(137) Phase 2: Compute new object addresses
[40.251s][info][gc,phases      ] GC(137) Phase 2: Compute new object addresses 167.495ms
[40.251s][info][gc,phases,start] GC(137) Phase 3: Adjust pointers
[40.458s][info][gc,phases      ] GC(137) Phase 3: Adjust pointers 206.943ms
[40.458s][info][gc,phases,start] GC(137) Phase 4: Move objects
[40.719s][info][gc,phases      ] GC(137) Phase 4: Move objects 260.977ms
[40.720s][info][gc             ] GC(137) Pause Full (Allocation Failure) 457M->404M(494M) 1009.477ms
[40.720s][info][gc,heap        ] GC(136) DefNew: 151939K->64636K(157248K)
[40.720s][info][gc,heap        ] GC(136) Tenured: 316882K->349567K(349568K)
[40.720s][info][gc,metaspace   ] GC(136) Metaspace: 14893K->14893K(1062912K)
[40.720s][info][gc             ] GC(136) Pause Young (Allocation Failure) 457M->404M(494M) 1009.658ms
[40.720s][info][gc,cpu         ] GC(136) User=1.64s Sys=0.11s Real=1.01s
[40.861s][info][gc,start       ] GC(138) Pause Full (Allocation Failure)
[40.861s][info][gc,phases,start] GC(138) Phase 1: Mark live objects
[40.922s][info][gc,phases      ] GC(138) Phase 1: Mark live objects 60.733ms
[40.922s][info][gc,phases,start] GC(138) Phase 2: Compute new object addresses
[41.097s][info][gc,phases      ] GC(138) Phase 2: Compute new object addresses 174.866ms
[41.097s][info][gc,phases,start] GC(138) Phase 3: Adjust pointers
[41.136s][info][gc,phases      ] GC(138) Phase 3: Adjust pointers 38.958ms
[41.136s][info][gc,phases,start] GC(138) Phase 4: Move objects
[41.169s][info][gc,phases      ] GC(138) Phase 4: Move objects 33.701ms
[41.170s][info][gc,heap        ] GC(138) DefNew: 157247K->0K(157248K)
[41.170s][info][gc,heap        ] GC(138) Tenured: 349568K->83031K(349568K)
[41.170s][info][gc,metaspace   ] GC(138) Metaspace: 14893K->14893K(1062912K)
[41.170s][info][gc             ] GC(138) Pause Full (Allocation Failure) 494M->81M(494M) 309.130ms
[41.170s][info][gc,cpu         ] GC(138) User=0.31s Sys=0.00s Real=0.31s
[41.195s][info][gc,start       ] GC(139) Pause Young (Allocation Failure)
[41.311s][info][gc,heap        ] GC(139) DefNew: 139776K->17472K(157248K)
[41.311s][info][gc,heap        ] GC(139) Tenured: 83031K->149396K(349568K)
[41.311s][info][gc,metaspace   ] GC(139) Metaspace: 14893K->14893K(1062912K)
[41.311s][info][gc             ] GC(139) Pause Young (Allocation Failure) 217M->162M(494M) 116.369ms
[41.311s][info][gc,cpu         ] GC(139) User=0.11s Sys=0.00s Real=0.12s
[41.330s][info][gc,start       ] GC(140) Pause Young (Allocation Failure)
[41.436s][info][gc,heap        ] GC(140) DefNew: 157248K->17472K(157248K)
[41.436s][info][gc,heap        ] GC(140) Tenured: 149396K->233233K(349568K)
[41.436s][info][gc,metaspace   ] GC(140) Metaspace: 14893K->14893K(1062912K)
[41.437s][info][gc             ] GC(140) Pause Young (Allocation Failure) 299M->244M(494M) 106.208ms
[41.437s][info][gc,cpu         ] GC(140) User=0.11s Sys=0.00s Real=0.11s
[41.456s][info][gc,start       ] GC(141) Pause Young (Allocation Failure)
[41.574s][info][gc,heap        ] GC(141) DefNew: 157248K->17472K(157248K)
[41.574s][info][gc,heap        ] GC(141) Tenured: 233233K->317071K(349568K)
[41.574s][info][gc,metaspace   ] GC(141) Metaspace: 14893K->14893K(1062912K)
[41.574s][info][gc             ] GC(141) Pause Young (Allocation Failure) 381M->326M(494M) 117.831ms
[41.574s][info][gc,cpu         ] GC(141) User=0.13s Sys=0.00s Real=0.12s
[41.694s][info][gc,start       ] GC(142) Pause Young (Allocation Failure)
[41.694s][info][gc,start       ] GC(143) Pause Full (Allocation Failure)
[41.694s][info][gc,phases,start] GC(143) Phase 1: Mark live objects
[42.009s][info][gc,phases      ] GC(143) Phase 1: Mark live objects 314.839ms
[42.009s][info][gc,phases,start] GC(143) Phase 2: Compute new object addresses
[42.140s][info][gc,phases      ] GC(143) Phase 2: Compute new object addresses 130.756ms
[42.142s][info][gc,phases,start] GC(143) Phase 3: Adjust pointers
[42.289s][info][gc,phases      ] GC(143) Phase 3: Adjust pointers 146.909ms
[42.289s][info][gc,phases,start] GC(143) Phase 4: Move objects
[42.356s][info][gc,phases      ] GC(143) Phase 4: Move objects 67.130ms
[42.356s][info][gc             ] GC(143) Pause Full (Allocation Failure) 458M->404M(494M) 662.404ms
[42.356s][info][gc,heap        ] GC(142) DefNew: 152026K->64703K(157248K)
[42.356s][info][gc,heap        ] GC(142) Tenured: 317071K->349568K(349568K)
[42.356s][info][gc,metaspace   ] GC(142) Metaspace: 14893K->14893K(1062912K)
[42.356s][info][gc             ] GC(142) Pause Young (Allocation Failure) 458M->404M(494M) 662.616ms
[42.356s][info][gc,cpu         ] GC(142) User=0.66s Sys=0.00s Real=0.66s
[42.490s][info][gc,start       ] GC(144) Pause Full (Allocation Failure)
[42.490s][info][gc,phases,start] GC(144) Phase 1: Mark live objects
[42.581s][info][gc,phases      ] GC(144) Phase 1: Mark live objects 91.052ms
[42.581s][info][gc,phases,start] GC(144) Phase 2: Compute new object addresses
[42.676s][info][gc,phases      ] GC(144) Phase 2: Compute new object addresses 94.596ms
[42.676s][info][gc,phases,start] GC(144) Phase 3: Adjust pointers
[42.698s][info][gc,phases      ] GC(144) Phase 3: Adjust pointers 22.238ms
[42.698s][info][gc,phases,start] GC(144) Phase 4: Move objects
[42.720s][info][gc,phases      ] GC(144) Phase 4: Move objects 21.655ms
[42.720s][info][gc,heap        ] GC(144) DefNew: 157247K->0K(157248K)
[42.720s][info][gc,heap        ] GC(144) Tenured: 349568K->83058K(349568K)
[42.720s][info][gc,metaspace   ] GC(144) Metaspace: 14893K->14893K(1062912K)
[42.720s][info][gc             ] GC(144) Pause Full (Allocation Failure) 494M->81M(494M) 230.182ms
[42.720s][info][gc,cpu         ] GC(144) User=0.22s Sys=0.00s Real=0.23s
[42.740s][info][gc,start       ] GC(145) Pause Young (Allocation Failure)
[42.854s][info][gc,heap        ] GC(145) DefNew: 139776K->17472K(157248K)
[42.854s][info][gc,heap        ] GC(145) Tenured: 83058K->149422K(349568K)
[42.854s][info][gc,metaspace   ] GC(145) Metaspace: 14893K->14893K(1062912K)
[42.854s][info][gc             ] GC(145) Pause Young (Allocation Failure) 217M->162M(494M) 114.590ms
[42.854s][info][gc,cpu         ] GC(145) User=0.11s Sys=0.00s Real=0.12s
[42.876s][info][gc,start       ] GC(146) Pause Young (Allocation Failure)
[43.002s][info][gc,heap        ] GC(146) DefNew: 157248K->17472K(157248K)
[43.002s][info][gc,heap        ] GC(146) Tenured: 149422K->233259K(349568K)
[43.002s][info][gc,metaspace   ] GC(146) Metaspace: 14893K->14893K(1062912K)
[43.002s][info][gc             ] GC(146) Pause Young (Allocation Failure) 299M->244M(494M) 126.015ms
[43.002s][info][gc,cpu         ] GC(146) User=0.13s Sys=0.00s Real=0.13s
[43.024s][info][gc,start       ] GC(147) Pause Young (Allocation Failure)
[43.172s][info][gc,heap        ] GC(147) DefNew: 157248K->17472K(157248K)
[43.172s][info][gc,heap        ] GC(147) Tenured: 233259K->317097K(349568K)
[43.172s][info][gc,metaspace   ] GC(147) Metaspace: 14893K->14893K(1062912K)
[43.172s][info][gc             ] GC(147) Pause Young (Allocation Failure) 381M->326M(494M) 148.013ms
[43.172s][info][gc,cpu         ] GC(147) User=0.14s Sys=0.00s Real=0.15s
[43.300s][info][gc,start       ] GC(148) Pause Young (Allocation Failure)
[43.300s][info][gc,start       ] GC(149) Pause Full (Allocation Failure)
[43.300s][info][gc,phases,start] GC(149) Phase 1: Mark live objects
[43.605s][info][gc,phases      ] GC(149) Phase 1: Mark live objects 305.293ms
[43.605s][info][gc,phases,start] GC(149) Phase 2: Compute new object addresses
[43.760s][info][gc,phases      ] GC(149) Phase 2: Compute new object addresses 154.668ms
[43.760s][info][gc,phases,start] GC(149) Phase 3: Adjust pointers
[43.925s][info][gc,phases      ] GC(149) Phase 3: Adjust pointers 165.189ms
[43.925s][info][gc,phases,start] GC(149) Phase 4: Move objects
[44.173s][info][gc,phases      ] GC(149) Phase 4: Move objects 247.266ms
[44.173s][info][gc             ] GC(149) Pause Full (Allocation Failure) 458M->404M(494M) 873.198ms
[44.173s][info][gc,heap        ] GC(148) DefNew: 152227K->64755K(157248K)
[44.173s][info][gc,heap        ] GC(148) Tenured: 317097K->349567K(349568K)
[44.173s][info][gc,metaspace   ] GC(148) Metaspace: 14907K->14907K(1062912K)
[44.173s][info][gc             ] GC(148) Pause Young (Allocation Failure) 458M->404M(494M) 873.360ms
[44.173s][info][gc,cpu         ] GC(148) User=0.88s Sys=0.00s Real=0.87s
[44.306s][info][gc,start       ] GC(150) Pause Full (Allocation Failure)
[44.307s][info][gc,phases,start] GC(150) Phase 1: Mark live objects
[44.362s][info][gc,phases      ] GC(150) Phase 1: Mark live objects 55.656ms
[44.362s][info][gc,phases,start] GC(150) Phase 2: Compute new object addresses
[44.466s][info][gc,phases      ] GC(150) Phase 2: Compute new object addresses 103.943ms
[44.466s][info][gc,phases,start] GC(150) Phase 3: Adjust pointers
[44.491s][info][gc,phases      ] GC(150) Phase 3: Adjust pointers 24.265ms
[44.491s][info][gc,phases,start] GC(150) Phase 4: Move objects
[44.513s][info][gc,phases      ] GC(150) Phase 4: Move objects 22.597ms
[44.513s][info][gc,heap        ] GC(150) DefNew: 157247K->0K(157248K)
[44.513s][info][gc,heap        ] GC(150) Tenured: 349567K->83078K(349568K)
[44.513s][info][gc,metaspace   ] GC(150) Metaspace: 14907K->14907K(1062912K)
[44.513s][info][gc             ] GC(150) Pause Full (Allocation Failure) 494M->81M(494M) 207.113ms
[44.514s][info][gc,cpu         ] GC(150) User=0.20s Sys=0.00s Real=0.21s
[44.534s][info][gc,start       ] GC(151) Pause Young (Allocation Failure)
[44.647s][info][gc,heap        ] GC(151) DefNew: 139776K->17472K(157248K)
[44.647s][info][gc,heap        ] GC(151) Tenured: 83078K->149443K(349568K)
[44.647s][info][gc,metaspace   ] GC(151) Metaspace: 14907K->14907K(1062912K)
[44.647s][info][gc             ] GC(151) Pause Young (Allocation Failure) 217M->163M(494M) 112.809ms
[44.647s][info][gc,cpu         ] GC(151) User=0.13s Sys=0.00s Real=0.11s
[44.670s][info][gc,start       ] GC(152) Pause Young (Allocation Failure)
[44.815s][info][gc,heap        ] GC(152) DefNew: 157248K->17472K(157248K)
[44.815s][info][gc,heap        ] GC(152) Tenured: 149443K->233280K(349568K)
[44.815s][info][gc,metaspace   ] GC(152) Metaspace: 14907K->14907K(1062912K)
[44.815s][info][gc             ] GC(152) Pause Young (Allocation Failure) 299M->244M(494M) 144.826ms
[44.815s][info][gc,cpu         ] GC(152) User=0.14s Sys=0.00s Real=0.14s
[44.839s][info][gc,start       ] GC(153) Pause Young (Allocation Failure)
[44.974s][info][gc,heap        ] GC(153) DefNew: 157248K->17472K(157248K)
[44.974s][info][gc,heap        ] GC(153) Tenured: 233280K->317119K(349568K)
[44.974s][info][gc,metaspace   ] GC(153) Metaspace: 14907K->14907K(1062912K)
[44.974s][info][gc             ] GC(153) Pause Young (Allocation Failure) 381M->326M(494M) 135.165ms
[44.974s][info][gc,cpu         ] GC(153) User=0.14s Sys=0.00s Real=0.14s
[45.096s][info][gc,start       ] GC(154) Pause Young (Allocation Failure)
[45.096s][info][gc,start       ] GC(155) Pause Full (Allocation Failure)
[45.096s][info][gc,phases,start] GC(155) Phase 1: Mark live objects
[45.403s][info][gc,phases      ] GC(155) Phase 1: Mark live objects 306.475ms
[45.403s][info][gc,phases,start] GC(155) Phase 2: Compute new object addresses
[45.555s][info][gc,phases      ] GC(155) Phase 2: Compute new object addresses 151.753ms
[45.555s][info][gc,phases,start] GC(155) Phase 3: Adjust pointers
[45.719s][info][gc,phases      ] GC(155) Phase 3: Adjust pointers 163.960ms
[45.719s][info][gc,phases,start] GC(155) Phase 4: Move objects
[45.784s][info][gc,phases      ] GC(155) Phase 4: Move objects 65.799ms
[45.785s][info][gc             ] GC(155) Pause Full (Allocation Failure) 458M->404M(494M) 688.803ms
[45.785s][info][gc,heap        ] GC(154) DefNew: 151988K->64821K(157248K)
[45.785s][info][gc,heap        ] GC(154) Tenured: 317119K->349567K(349568K)
[45.785s][info][gc,metaspace   ] GC(154) Metaspace: 14907K->14907K(1062912K)
[45.785s][info][gc             ] GC(154) Pause Young (Allocation Failure) 458M->404M(494M) 688.963ms
[45.785s][info][gc,cpu         ] GC(154) User=0.69s Sys=0.02s Real=0.69s
[45.915s][info][gc,start       ] GC(156) Pause Full (Allocation Failure)
[45.915s][info][gc,phases,start] GC(156) Phase 1: Mark live objects
[45.968s][info][gc,phases      ] GC(156) Phase 1: Mark live objects 52.880ms
[45.968s][info][gc,phases,start] GC(156) Phase 2: Compute new object addresses
[46.068s][info][gc,phases      ] GC(156) Phase 2: Compute new object addresses 99.692ms
[46.068s][info][gc,phases,start] GC(156) Phase 3: Adjust pointers
[46.095s][info][gc,phases      ] GC(156) Phase 3: Adjust pointers 27.370ms
[46.095s][info][gc,phases,start] GC(156) Phase 4: Move objects
[46.120s][info][gc,phases      ] GC(156) Phase 4: Move objects 24.838ms
[46.120s][info][gc,heap        ] GC(156) DefNew: 157247K->0K(157248K)
[46.120s][info][gc,heap        ] GC(156) Tenured: 349567K->83105K(349568K)
[46.120s][info][gc,metaspace   ] GC(156) Metaspace: 14907K->14907K(1062912K)
[46.120s][info][gc             ] GC(156) Pause Full (Allocation Failure) 494M->81M(494M) 205.491ms
[46.120s][info][gc,cpu         ] GC(156) User=0.20s Sys=0.00s Real=0.21s
[46.142s][info][gc,start       ] GC(157) Pause Young (Allocation Failure)
[46.250s][info][gc,heap        ] GC(157) DefNew: 139776K->17472K(157248K)
[46.250s][info][gc,heap        ] GC(157) Tenured: 83105K->149469K(349568K)
[46.250s][info][gc,metaspace   ] GC(157) Metaspace: 14907K->14907K(1062912K)
[46.250s][info][gc             ] GC(157) Pause Young (Allocation Failure) 217M->163M(494M) 108.328ms
[46.250s][info][gc,cpu         ] GC(157) User=0.11s Sys=0.00s Real=0.11s
[46.272s][info][gc,start       ] GC(158) Pause Young (Allocation Failure)
[46.398s][info][gc,heap        ] GC(158) DefNew: 157248K->17472K(157248K)
[46.398s][info][gc,heap        ] GC(158) Tenured: 149469K->233307K(349568K)
[46.398s][info][gc,metaspace   ] GC(158) Metaspace: 14907K->14907K(1062912K)
[46.398s][info][gc             ] GC(158) Pause Young (Allocation Failure) 299M->244M(494M) 126.558ms
[46.398s][info][gc,cpu         ] GC(158) User=0.13s Sys=0.00s Real=0.13s
[46.421s][info][gc,start       ] GC(159) Pause Young (Allocation Failure)
[46.548s][info][gc,heap        ] GC(159) DefNew: 157248K->17472K(157248K)
[46.548s][info][gc,heap        ] GC(159) Tenured: 233307K->317144K(349568K)
[46.548s][info][gc,metaspace   ] GC(159) Metaspace: 14907K->14907K(1062912K)
[46.548s][info][gc             ] GC(159) Pause Young (Allocation Failure) 381M->326M(494M) 126.454ms
[46.548s][info][gc,cpu         ] GC(159) User=0.13s Sys=0.00s Real=0.13s
[46.669s][info][gc,start       ] GC(160) Pause Young (Allocation Failure)
[46.669s][info][gc,start       ] GC(161) Pause Full (Allocation Failure)
[46.669s][info][gc,phases,start] GC(161) Phase 1: Mark live objects
[46.982s][info][gc,phases      ] GC(161) Phase 1: Mark live objects 312.878ms
[46.982s][info][gc,phases,start] GC(161) Phase 2: Compute new object addresses
[47.126s][info][gc,phases      ] GC(161) Phase 2: Compute new object addresses 143.929ms
[47.126s][info][gc,phases,start] GC(161) Phase 3: Adjust pointers
[47.289s][info][gc,phases      ] GC(161) Phase 3: Adjust pointers 163.197ms
[47.289s][info][gc,phases,start] GC(161) Phase 4: Move objects
[47.533s][info][gc,phases      ] GC(161) Phase 4: Move objects 243.552ms
[47.533s][info][gc             ] GC(161) Pause Full (Allocation Failure) 458M->404M(494M) 864.512ms
[47.533s][info][gc,heap        ] GC(160) DefNew: 152001K->64852K(157248K)
[47.533s][info][gc,heap        ] GC(160) Tenured: 317144K->349568K(349568K)
[47.533s][info][gc,metaspace   ] GC(160) Metaspace: 14908K->14908K(1062912K)
[47.533s][info][gc             ] GC(160) Pause Young (Allocation Failure) 458M->404M(494M) 864.769ms
[47.533s][info][gc,cpu         ] GC(160) User=0.86s Sys=0.00s Real=0.86s
[47.785s][info][gc,start       ] GC(162) Pause Full (Allocation Failure)
[47.786s][info][gc,phases,start] GC(162) Phase 1: Mark live objects
[47.855s][info][gc,phases      ] GC(162) Phase 1: Mark live objects 68.993ms
[47.855s][info][gc,phases,start] GC(162) Phase 2: Compute new object addresses
[47.965s][info][gc,phases      ] GC(162) Phase 2: Compute new object addresses 109.648ms
[47.965s][info][gc,phases,start] GC(162) Phase 3: Adjust pointers
[47.991s][info][gc,phases      ] GC(162) Phase 3: Adjust pointers 26.784ms
[47.991s][info][gc,phases,start] GC(162) Phase 4: Move objects
[48.016s][info][gc,phases      ] GC(162) Phase 4: Move objects 24.057ms
[48.016s][info][gc,heap        ] GC(162) DefNew: 157248K->0K(157248K)
[48.016s][info][gc,heap        ] GC(162) Tenured: 349568K->82985K(349568K)
[48.016s][info][gc,metaspace   ] GC(162) Metaspace: 14953K->14953K(1062912K)
[48.016s][info][gc             ] GC(162) Pause Full (Allocation Failure) 494M->81M(494M) 230.331ms
[48.016s][info][gc,cpu         ] GC(162) User=0.23s Sys=0.00s Real=0.23s
[48.040s][info][gc,start       ] GC(163) Pause Young (Allocation Failure)
[48.166s][info][gc,heap        ] GC(163) DefNew: 139776K->17472K(157248K)
[48.166s][info][gc,heap        ] GC(163) Tenured: 82985K->149350K(349568K)
[48.166s][info][gc,metaspace   ] GC(163) Metaspace: 14953K->14953K(1062912K)
[48.166s][info][gc             ] GC(163) Pause Young (Allocation Failure) 217M->162M(494M) 126.428ms
[48.166s][info][gc,cpu         ] GC(163) User=0.13s Sys=0.00s Real=0.13s
[48.190s][info][gc,start       ] GC(164) Pause Young (Allocation Failure)
[48.331s][info][gc,heap        ] GC(164) DefNew: 157248K->17472K(157248K)
[48.331s][info][gc,heap        ] GC(164) Tenured: 149350K->233187K(349568K)
[48.331s][info][gc,metaspace   ] GC(164) Metaspace: 14953K->14953K(1062912K)
[48.331s][info][gc             ] GC(164) Pause Young (Allocation Failure) 299M->244M(494M) 140.786ms
[48.331s][info][gc,cpu         ] GC(164) User=0.14s Sys=0.00s Real=0.14s
[48.354s][info][gc,start       ] GC(165) Pause Young (Allocation Failure)
[48.491s][info][gc,heap        ] GC(165) DefNew: 157248K->17472K(157248K)
[48.491s][info][gc,heap        ] GC(165) Tenured: 233187K->317025K(349568K)
[48.491s][info][gc,metaspace   ] GC(165) Metaspace: 14953K->14953K(1062912K)
[48.491s][info][gc             ] GC(165) Pause Young (Allocation Failure) 381M->326M(494M) 137.066ms
[48.491s][info][gc,cpu         ] GC(165) User=0.11s Sys=0.00s Real=0.14s
[48.612s][info][gc,start       ] GC(166) Pause Young (Allocation Failure)
[48.612s][info][gc,start       ] GC(167) Pause Full (Allocation Failure)
[48.612s][info][gc,phases,start] GC(167) Phase 1: Mark live objects
[48.911s][info][gc,phases      ] GC(167) Phase 1: Mark live objects 298.277ms
[48.911s][info][gc,phases,start] GC(167) Phase 2: Compute new object addresses
[49.056s][info][gc,phases      ] GC(167) Phase 2: Compute new object addresses 145.620ms
[49.056s][info][gc,phases,start] GC(167) Phase 3: Adjust pointers
[49.212s][info][gc,phases      ] GC(167) Phase 3: Adjust pointers 155.489ms
[49.212s][info][gc,phases,start] GC(167) Phase 4: Move objects
[49.282s][info][gc,phases      ] GC(167) Phase 4: Move objects 70.530ms
[49.283s][info][gc             ] GC(167) Pause Full (Allocation Failure) 458M->404M(494M) 670.696ms
[49.283s][info][gc,heap        ] GC(166) DefNew: 151983K->64923K(157248K)
[49.283s][info][gc,heap        ] GC(166) Tenured: 317025K->349567K(349568K)
[49.283s][info][gc,metaspace   ] GC(166) Metaspace: 14954K->14954K(1062912K)
[49.283s][info][gc             ] GC(166) Pause Young (Allocation Failure) 458M->404M(494M) 670.881ms
[49.283s][info][gc,cpu         ] GC(166) User=0.66s Sys=0.00s Real=0.67s
[49.411s][info][gc,start       ] GC(168) Pause Full (Allocation Failure)
[49.411s][info][gc,phases,start] GC(168) Phase 1: Mark live objects
[49.465s][info][gc,phases      ] GC(168) Phase 1: Mark live objects 53.918ms
[49.465s][info][gc,phases,start] GC(168) Phase 2: Compute new object addresses
[49.557s][info][gc,phases      ] GC(168) Phase 2: Compute new object addresses 91.553ms
[49.557s][info][gc,phases,start] GC(168) Phase 3: Adjust pointers
[49.581s][info][gc,phases      ] GC(168) Phase 3: Adjust pointers 24.183ms
[49.581s][info][gc,phases,start] GC(168) Phase 4: Move objects
[49.605s][info][gc,phases      ] GC(168) Phase 4: Move objects 23.853ms
[49.605s][info][gc,heap        ] GC(168) DefNew: 157247K->0K(157248K)
[49.605s][info][gc,heap        ] GC(168) Tenured: 349567K->83146K(349568K)
[49.605s][info][gc,metaspace   ] GC(168) Metaspace: 14955K->14955K(1062912K)
[49.605s][info][gc             ] GC(168) Pause Full (Allocation Failure) 494M->81M(494M) 194.348ms
[49.605s][info][gc,cpu         ] GC(168) User=0.19s Sys=0.00s Real=0.19s
[49.627s][info][gc,start       ] GC(169) Pause Young (Allocation Failure)
[49.734s][info][gc,heap        ] GC(169) DefNew: 139776K->17472K(157248K)
[49.734s][info][gc,heap        ] GC(169) Tenured: 83146K->149511K(349568K)
[49.734s][info][gc,metaspace   ] GC(169) Metaspace: 14955K->14955K(1062912K)
[49.734s][info][gc             ] GC(169) Pause Young (Allocation Failure) 217M->163M(494M) 106.951ms
[49.734s][info][gc,cpu         ] GC(169) User=0.11s Sys=0.00s Real=0.11s
[49.755s][info][gc,start       ] GC(170) Pause Young (Allocation Failure)
[49.883s][info][gc,heap        ] GC(170) DefNew: 157248K->17472K(157248K)
[49.883s][info][gc,heap        ] GC(170) Tenured: 149511K->233348K(349568K)
[49.883s][info][gc,metaspace   ] GC(170) Metaspace: 14955K->14955K(1062912K)
[49.883s][info][gc             ] GC(170) Pause Young (Allocation Failure) 299M->244M(494M) 127.786ms
[49.883s][info][gc,cpu         ] GC(170) User=0.13s Sys=0.00s Real=0.13s
[49.905s][info][gc,start       ] GC(171) Pause Young (Allocation Failure)
[50.034s][info][gc,heap        ] GC(171) DefNew: 157248K->17472K(157248K)
[50.034s][info][gc,heap        ] GC(171) Tenured: 233348K->317186K(349568K)
[50.034s][info][gc,metaspace   ] GC(171) Metaspace: 14965K->14965K(1062912K)
[50.034s][info][gc             ] GC(171) Pause Young (Allocation Failure) 381M->326M(494M) 128.564ms
[50.034s][info][gc,cpu         ] GC(171) User=0.13s Sys=0.00s Real=0.13s
[50.160s][info][gc,start       ] GC(172) Pause Young (Allocation Failure)
[50.160s][info][gc,start       ] GC(173) Pause Full (Allocation Failure)
[50.160s][info][gc,phases,start] GC(173) Phase 1: Mark live objects
[50.435s][info][gc,phases      ] GC(173) Phase 1: Mark live objects 274.633ms
[50.435s][info][gc,phases,start] GC(173) Phase 2: Compute new object addresses
[50.573s][info][gc,phases      ] GC(173) Phase 2: Compute new object addresses 137.382ms
[50.573s][info][gc,phases,start] GC(173) Phase 3: Adjust pointers
[50.740s][info][gc,phases      ] GC(173) Phase 3: Adjust pointers 167.142ms
[50.740s][info][gc,phases,start] GC(173) Phase 4: Move objects
[50.990s][info][gc,phases      ] GC(173) Phase 4: Move objects 250.137ms
[50.990s][info][gc             ] GC(173) Pause Full (Allocation Failure) 458M->404M(494M) 830.028ms
[50.990s][info][gc,heap        ] GC(172) DefNew: 152022K->64988K(157248K)
[50.990s][info][gc,heap        ] GC(172) Tenured: 317186K->349567K(349568K)
[50.990s][info][gc,metaspace   ] GC(172) Metaspace: 14965K->14965K(1062912K)
[50.990s][info][gc             ] GC(172) Pause Young (Allocation Failure) 458M->404M(494M) 830.213ms
[50.990s][info][gc,cpu         ] GC(172) User=0.83s Sys=0.00s Real=0.83s
[51.130s][info][gc,start       ] GC(174) Pause Full (Allocation Failure)
[51.130s][info][gc,phases,start] GC(174) Phase 1: Mark live objects
[51.223s][info][gc,phases      ] GC(174) Phase 1: Mark live objects 92.361ms
[51.223s][info][gc,phases,start] GC(174) Phase 2: Compute new object addresses
[51.337s][info][gc,phases      ] GC(174) Phase 2: Compute new object addresses 113.914ms
[51.337s][info][gc,phases,start] GC(174) Phase 3: Adjust pointers
[51.372s][info][gc,phases      ] GC(174) Phase 3: Adjust pointers 35.320ms
[51.372s][info][gc,phases,start] GC(174) Phase 4: Move objects
[51.405s][info][gc,phases      ] GC(174) Phase 4: Move objects 32.946ms
[51.405s][info][gc,heap        ] GC(174) DefNew: 157247K->0K(157248K)
[51.405s][info][gc,heap        ] GC(174) Tenured: 349567K->83054K(349568K)
[51.406s][info][gc,metaspace   ] GC(174) Metaspace: 14980K->14980K(1062912K)
[51.406s][info][gc             ] GC(174) Pause Full (Allocation Failure) 494M->81M(494M) 275.310ms
[51.406s][info][gc,cpu         ] GC(174) User=0.25s Sys=0.00s Real=0.28s
[51.437s][info][gc,start       ] GC(175) Pause Young (Allocation Failure)
[51.576s][info][gc,heap        ] GC(175) DefNew: 139776K->17472K(157248K)
[51.577s][info][gc,heap        ] GC(175) Tenured: 83054K->149419K(349568K)
[51.577s][info][gc,metaspace   ] GC(175) Metaspace: 14980K->14980K(1062912K)
[51.577s][info][gc             ] GC(175) Pause Young (Allocation Failure) 217M->162M(494M) 139.477ms
[51.577s][info][gc,cpu         ] GC(175) User=0.14s Sys=0.00s Real=0.14s
[51.607s][info][gc,start       ] GC(176) Pause Young (Allocation Failure)
[51.776s][info][gc,heap        ] GC(176) DefNew: 157248K->17472K(157248K)
[51.776s][info][gc,heap        ] GC(176) Tenured: 149419K->233257K(349568K)
[51.776s][info][gc,metaspace   ] GC(176) Metaspace: 14980K->14980K(1062912K)
[51.776s][info][gc             ] GC(176) Pause Young (Allocation Failure) 299M->244M(494M) 168.260ms
[51.776s][info][gc,cpu         ] GC(176) User=0.17s Sys=0.00s Real=0.17s
[51.801s][info][gc,start       ] GC(177) Pause Young (Allocation Failure)
[51.948s][info][gc,heap        ] GC(177) DefNew: 157248K->17472K(157248K)
[51.948s][info][gc,heap        ] GC(177) Tenured: 233257K->317095K(349568K)
[51.948s][info][gc,metaspace   ] GC(177) Metaspace: 14980K->14980K(1062912K)
[51.948s][info][gc             ] GC(177) Pause Young (Allocation Failure) 381M->326M(494M) 147.051ms
[51.948s][info][gc,cpu         ] GC(177) User=0.16s Sys=0.00s Real=0.15s
[52.070s][info][gc,start       ] GC(178) Pause Young (Allocation Failure)
[52.070s][info][gc,start       ] GC(179) Pause Full (Allocation Failure)
[52.070s][info][gc,phases,start] GC(179) Phase 1: Mark live objects
[52.371s][info][gc,phases      ] GC(179) Phase 1: Mark live objects 300.648ms
[52.371s][info][gc,phases,start] GC(179) Phase 2: Compute new object addresses
[52.514s][info][gc,phases      ] GC(179) Phase 2: Compute new object addresses 142.704ms
[52.514s][info][gc,phases,start] GC(179) Phase 3: Adjust pointers
[52.672s][info][gc,phases      ] GC(179) Phase 3: Adjust pointers 158.180ms
[52.672s][info][gc,phases,start] GC(179) Phase 4: Move objects
[52.743s][info][gc,phases      ] GC(179) Phase 4: Move objects 70.520ms
[52.743s][info][gc             ] GC(179) Pause Full (Allocation Failure) 458M->404M(494M) 672.820ms
[52.743s][info][gc,heap        ] GC(178) DefNew: 151983K->65056K(157248K)
[52.743s][info][gc,heap        ] GC(178) Tenured: 317095K->349568K(349568K)
[52.743s][info][gc,metaspace   ] GC(178) Metaspace: 14980K->14980K(1062912K)
[52.743s][info][gc             ] GC(178) Pause Young (Allocation Failure) 458M->404M(494M) 672.986ms
[52.743s][info][gc,cpu         ] GC(178) User=0.67s Sys=0.00s Real=0.67s
[52.882s][info][gc,start       ] GC(180) Pause Full (Allocation Failure)
[52.882s][info][gc,phases,start] GC(180) Phase 1: Mark live objects
[52.940s][info][gc,phases      ] GC(180) Phase 1: Mark live objects 57.971ms
[52.940s][info][gc,phases,start] GC(180) Phase 2: Compute new object addresses
[53.038s][info][gc,phases      ] GC(180) Phase 2: Compute new object addresses 97.567ms
[53.038s][info][gc,phases,start] GC(180) Phase 3: Adjust pointers
[53.062s][info][gc,phases      ] GC(180) Phase 3: Adjust pointers 24.438ms
[53.063s][info][gc,phases,start] GC(180) Phase 4: Move objects
[53.087s][info][gc,phases      ] GC(180) Phase 4: Move objects 24.785ms
[53.088s][info][gc,heap        ] GC(180) DefNew: 157247K->0K(157248K)
[53.088s][info][gc,heap        ] GC(180) Tenured: 349568K->83199K(349568K)
[53.088s][info][gc,metaspace   ] GC(180) Metaspace: 14980K->14980K(1062912K)
[53.088s][info][gc             ] GC(180) Pause Full (Allocation Failure) 494M->81M(494M) 205.422ms
[53.088s][info][gc,cpu         ] GC(180) User=0.20s Sys=0.00s Real=0.21s
[53.112s][info][gc,start       ] GC(181) Pause Young (Allocation Failure)
[53.227s][info][gc,heap        ] GC(181) DefNew: 139776K->17472K(157248K)
[53.227s][info][gc,heap        ] GC(181) Tenured: 83199K->149564K(349568K)
[53.227s][info][gc,metaspace   ] GC(181) Metaspace: 14980K->14980K(1062912K)
[53.227s][info][gc             ] GC(181) Pause Young (Allocation Failure) 217M->163M(494M) 114.835ms
[53.227s][info][gc,cpu         ] GC(181) User=0.13s Sys=0.00s Real=0.11s
[53.248s][info][gc,start       ] GC(182) Pause Young (Allocation Failure)
[53.384s][info][gc,heap        ] GC(182) DefNew: 157248K->17472K(157248K)
[53.384s][info][gc,heap        ] GC(182) Tenured: 149564K->233401K(349568K)
[53.384s][info][gc,metaspace   ] GC(182) Metaspace: 14981K->14981K(1062912K)
[53.384s][info][gc             ] GC(182) Pause Young (Allocation Failure) 299M->244M(494M) 135.756ms
[53.384s][info][gc,cpu         ] GC(182) User=0.14s Sys=0.00s Real=0.14s
[53.405s][info][gc,start       ] GC(183) Pause Young (Allocation Failure)
[53.537s][info][gc,heap        ] GC(183) DefNew: 157248K->17472K(157248K)
[53.537s][info][gc,heap        ] GC(183) Tenured: 233401K->317239K(349568K)
[53.537s][info][gc,metaspace   ] GC(183) Metaspace: 14981K->14981K(1062912K)
[53.537s][info][gc             ] GC(183) Pause Young (Allocation Failure) 381M->326M(494M) 131.603ms
[53.537s][info][gc,cpu         ] GC(183) User=0.14s Sys=0.00s Real=0.13s
[53.657s][info][gc,start       ] GC(184) Pause Young (Allocation Failure)
[53.657s][info][gc,start       ] GC(185) Pause Full (Allocation Failure)
[53.658s][info][gc,phases,start] GC(185) Phase 1: Mark live objects
[53.952s][info][gc,phases      ] GC(185) Phase 1: Mark live objects 294.786ms
[53.952s][info][gc,phases,start] GC(185) Phase 2: Compute new object addresses
[54.099s][info][gc,phases      ] GC(185) Phase 2: Compute new object addresses 146.478ms
[54.099s][info][gc,phases,start] GC(185) Phase 3: Adjust pointers
[54.260s][info][gc,phases      ] GC(185) Phase 3: Adjust pointers 160.721ms
[54.260s][info][gc,phases,start] GC(185) Phase 4: Move objects
[54.511s][info][gc,phases      ] GC(185) Phase 4: Move objects 251.722ms
[54.512s][info][gc             ] GC(185) Pause Full (Allocation Failure) 458M->404M(494M) 854.590ms
[54.512s][info][gc,heap        ] GC(184) DefNew: 152019K->65122K(157248K)
[54.512s][info][gc,heap        ] GC(184) Tenured: 317239K->349567K(349568K)
[54.512s][info][gc,metaspace   ] GC(184) Metaspace: 14981K->14981K(1062912K)
[54.512s][info][gc             ] GC(184) Pause Young (Allocation Failure) 458M->404M(494M) 854.770ms
[54.512s][info][gc,cpu         ] GC(184) User=0.86s Sys=0.00s Real=0.85s
[54.652s][info][gc,start       ] GC(186) Pause Full (Allocation Failure)
[54.653s][info][gc,phases,start] GC(186) Phase 1: Mark live objects
[54.708s][info][gc,phases      ] GC(186) Phase 1: Mark live objects 55.665ms
[54.708s][info][gc,phases,start] GC(186) Phase 2: Compute new object addresses
[54.806s][info][gc,phases      ] GC(186) Phase 2: Compute new object addresses 97.956ms
[54.806s][info][gc,phases,start] GC(186) Phase 3: Adjust pointers
[54.831s][info][gc,phases      ] GC(186) Phase 3: Adjust pointers 24.533ms
[54.831s][info][gc,phases,start] GC(186) Phase 4: Move objects
[54.853s][info][gc,phases      ] GC(186) Phase 4: Move objects 21.995ms
[54.853s][info][gc,heap        ] GC(186) DefNew: 157247K->0K(157248K)
[54.853s][info][gc,heap        ] GC(186) Tenured: 349567K->83226K(349568K)
[54.853s][info][gc,metaspace   ] GC(186) Metaspace: 14981K->14981K(1062912K)
[54.853s][info][gc             ] GC(186) Pause Full (Allocation Failure) 494M->81M(494M) 200.765ms
[54.853s][info][gc,cpu         ] GC(186) User=0.20s Sys=0.00s Real=0.20s
[54.875s][info][gc,start       ] GC(187) Pause Young (Allocation Failure)
[54.988s][info][gc,heap        ] GC(187) DefNew: 139776K->17472K(157248K)
[54.989s][info][gc,heap        ] GC(187) Tenured: 83226K->149590K(349568K)
[54.989s][info][gc,metaspace   ] GC(187) Metaspace: 14981K->14981K(1062912K)
[54.989s][info][gc             ] GC(187) Pause Young (Allocation Failure) 217M->163M(494M) 113.186ms
[54.989s][info][gc,cpu         ] GC(187) User=0.11s Sys=0.00s Real=0.11s
[55.014s][info][gc,start       ] GC(188) Pause Young (Allocation Failure)
[55.152s][info][gc,heap        ] GC(188) DefNew: 157248K->17472K(157248K)
[55.152s][info][gc,heap        ] GC(188) Tenured: 149590K->233428K(349568K)
[55.152s][info][gc,metaspace   ] GC(188) Metaspace: 14981K->14981K(1062912K)
[55.152s][info][gc             ] GC(188) Pause Young (Allocation Failure) 299M->245M(494M) 138.746ms
[55.152s][info][gc,cpu         ] GC(188) User=0.14s Sys=0.00s Real=0.14s
[55.181s][info][gc,start       ] GC(189) Pause Young (Allocation Failure)
[55.383s][info][gc,heap        ] GC(189) DefNew: 157248K->17471K(157248K)
[55.383s][info][gc,heap        ] GC(189) Tenured: 233428K->317131K(349568K)
[55.383s][info][gc,metaspace   ] GC(189) Metaspace: 14993K->14993K(1062912K)
[55.383s][info][gc             ] GC(189) Pause Young (Allocation Failure) 381M->326M(494M) 201.480ms
[55.383s][info][gc,cpu         ] GC(189) User=0.20s Sys=0.00s Real=0.20s
[55.509s][info][gc,start       ] GC(190) Pause Young (Allocation Failure)
[55.509s][info][gc,start       ] GC(191) Pause Full (Allocation Failure)
[55.509s][info][gc,phases,start] GC(191) Phase 1: Mark live objects
[55.882s][info][gc,phases      ] GC(191) Phase 1: Mark live objects 372.757ms
[55.882s][info][gc,phases,start] GC(191) Phase 2: Compute new object addresses
[56.043s][info][gc,phases      ] GC(191) Phase 2: Compute new object addresses 161.089ms
[56.043s][info][gc,phases,start] GC(191) Phase 3: Adjust pointers
[56.205s][info][gc,phases      ] GC(191) Phase 3: Adjust pointers 161.486ms
[56.205s][info][gc,phases,start] GC(191) Phase 4: Move objects
[56.280s][info][gc,phases      ] GC(191) Phase 4: Move objects 75.146ms
[56.281s][info][gc             ] GC(191) Pause Full (Allocation Failure) 458M->405M(494M) 771.361ms
[56.281s][info][gc,heap        ] GC(190) DefNew: 151921K->65191K(157248K)
[56.281s][info][gc,heap        ] GC(190) Tenured: 317131K->349567K(349568K)
[56.281s][info][gc,metaspace   ] GC(190) Metaspace: 14993K->14993K(1062912K)
[56.281s][info][gc             ] GC(190) Pause Young (Allocation Failure) 458M->405M(494M) 771.533ms
[56.281s][info][gc,cpu         ] GC(190) User=0.73s Sys=0.00s Real=0.77s
[56.426s][info][gc,start       ] GC(192) Pause Full (Allocation Failure)
[56.426s][info][gc,phases,start] GC(192) Phase 1: Mark live objects
[56.483s][info][gc,phases      ] GC(192) Phase 1: Mark live objects 57.539ms
[56.484s][info][gc,phases,start] GC(192) Phase 2: Compute new object addresses
[56.584s][info][gc,phases      ] GC(192) Phase 2: Compute new object addresses 100.596ms
[56.584s][info][gc,phases,start] GC(192) Phase 3: Adjust pointers
[56.621s][info][gc,phases      ] GC(192) Phase 3: Adjust pointers 37.005ms
[56.621s][info][gc,phases,start] GC(192) Phase 4: Move objects
[56.652s][info][gc,phases      ] GC(192) Phase 4: Move objects 30.480ms
[56.652s][info][gc,heap        ] GC(192) DefNew: 157247K->0K(157248K)
[56.652s][info][gc,heap        ] GC(192) Tenured: 349567K->83252K(349568K)
[56.652s][info][gc,metaspace   ] GC(192) Metaspace: 14997K->14997K(1062912K)
[56.652s][info][gc             ] GC(192) Pause Full (Allocation Failure) 494M->81M(494M) 226.464ms
[56.652s][info][gc,cpu         ] GC(192) User=0.22s Sys=0.00s Real=0.23s
[56.676s][info][gc,start       ] GC(193) Pause Young (Allocation Failure)
[56.814s][info][gc,heap        ] GC(193) DefNew: 139776K->17472K(157248K)
[56.814s][info][gc,heap        ] GC(193) Tenured: 83252K->149616K(349568K)
[56.815s][info][gc,metaspace   ] GC(193) Metaspace: 14997K->14997K(1062912K)
[56.815s][info][gc             ] GC(193) Pause Young (Allocation Failure) 217M->163M(494M) 138.838ms
[56.815s][info][gc,cpu         ] GC(193) User=0.13s Sys=0.00s Real=0.14s
[56.840s][info][gc,start       ] GC(194) Pause Young (Allocation Failure)
[56.989s][info][gc,heap        ] GC(194) DefNew: 157248K->17472K(157248K)
[56.989s][info][gc,heap        ] GC(194) Tenured: 149616K->233454K(349568K)
[56.990s][info][gc,metaspace   ] GC(194) Metaspace: 14998K->14998K(1062912K)
[56.990s][info][gc             ] GC(194) Pause Young (Allocation Failure) 299M->245M(494M) 149.208ms
[56.990s][info][gc,cpu         ] GC(194) User=0.11s Sys=0.00s Real=0.15s
[57.014s][info][gc,start       ] GC(195) Pause Young (Allocation Failure)
[57.150s][info][gc,heap        ] GC(195) DefNew: 157248K->17472K(157248K)
[57.150s][info][gc,heap        ] GC(195) Tenured: 233454K->317292K(349568K)
[57.150s][info][gc,metaspace   ] GC(195) Metaspace: 14998K->14998K(1062912K)
[57.150s][info][gc             ] GC(195) Pause Young (Allocation Failure) 381M->326M(494M) 136.023ms
[57.150s][info][gc,cpu         ] GC(195) User=0.14s Sys=0.00s Real=0.13s
[57.274s][info][gc,start       ] GC(196) Pause Young (Allocation Failure)
[57.274s][info][gc,start       ] GC(197) Pause Full (Allocation Failure)
[57.275s][info][gc,phases,start] GC(197) Phase 1: Mark live objects
[57.688s][info][gc,phases      ] GC(197) Phase 1: Mark live objects 412.984ms
[57.688s][info][gc,phases,start] GC(197) Phase 2: Compute new object addresses
[57.818s][info][gc,phases      ] GC(197) Phase 2: Compute new object addresses 130.137ms
[57.818s][info][gc,phases,start] GC(197) Phase 3: Adjust pointers
[57.960s][info][gc,phases      ] GC(197) Phase 3: Adjust pointers 142.049ms
[57.960s][info][gc,phases,start] GC(197) Phase 4: Move objects
[58.179s][info][gc,phases      ] GC(197) Phase 4: Move objects 219.227ms
[58.180s][info][gc             ] GC(197) Pause Full (Allocation Failure) 458M->405M(494M) 905.389ms
[58.180s][info][gc,heap        ] GC(196) DefNew: 152021K->65256K(157248K)
[58.180s][info][gc,heap        ] GC(196) Tenured: 317292K->349568K(349568K)
[58.180s][info][gc,metaspace   ] GC(196) Metaspace: 15003K->15003K(1062912K)
[58.180s][info][gc             ] GC(196) Pause Young (Allocation Failure) 458M->405M(494M) 905.601ms
[58.180s][info][gc,cpu         ] GC(196) User=0.91s Sys=0.00s Real=0.90s
[58.306s][info][gc,start       ] GC(198) Pause Full (Allocation Failure)
[58.306s][info][gc,phases,start] GC(198) Phase 1: Mark live objects
[58.356s][info][gc,phases      ] GC(198) Phase 1: Mark live objects 50.033ms
[58.356s][info][gc,phases,start] GC(198) Phase 2: Compute new object addresses
[58.446s][info][gc,phases      ] GC(198) Phase 2: Compute new object addresses 90.545ms
[58.446s][info][gc,phases,start] GC(198) Phase 3: Adjust pointers
[58.469s][info][gc,phases      ] GC(198) Phase 3: Adjust pointers 23.025ms
[58.470s][info][gc,phases,start] GC(198) Phase 4: Move objects
[58.490s][info][gc,phases      ] GC(198) Phase 4: Move objects 20.870ms
[58.491s][info][gc,heap        ] GC(198) DefNew: 157247K->0K(157248K)
[58.491s][info][gc,heap        ] GC(198) Tenured: 349568K->83280K(349568K)
[58.491s][info][gc,metaspace   ] GC(198) Metaspace: 15003K->15003K(1062912K)
[58.491s][info][gc             ] GC(198) Pause Full (Allocation Failure) 494M->81M(494M) 185.102ms
[58.491s][info][gc,cpu         ] GC(198) User=0.19s Sys=0.00s Real=0.18s
[58.512s][info][gc,start       ] GC(199) Pause Young (Allocation Failure)
[58.618s][info][gc,heap        ] GC(199) DefNew: 139776K->17472K(157248K)
[58.618s][info][gc,heap        ] GC(199) Tenured: 83280K->149644K(349568K)
[58.618s][info][gc,metaspace   ] GC(199) Metaspace: 15003K->15003K(1062912K)
[58.618s][info][gc             ] GC(199) Pause Young (Allocation Failure) 217M->163M(494M) 106.127ms
[58.618s][info][gc,cpu         ] GC(199) User=0.11s Sys=0.00s Real=0.11s
[58.642s][info][gc,start       ] GC(200) Pause Young (Allocation Failure)
[58.782s][info][gc,heap        ] GC(200) DefNew: 157248K->17472K(157248K)
[58.782s][info][gc,heap        ] GC(200) Tenured: 149644K->233482K(349568K)
[58.782s][info][gc,metaspace   ] GC(200) Metaspace: 15003K->15003K(1062912K)
[58.782s][info][gc             ] GC(200) Pause Young (Allocation Failure) 299M->245M(494M) 139.850ms
[58.782s][info][gc,cpu         ] GC(200) User=0.14s Sys=0.00s Real=0.14s
[58.804s][info][gc,start       ] GC(201) Pause Young (Allocation Failure)
[58.935s][info][gc,heap        ] GC(201) DefNew: 157248K->17472K(157248K)
[58.935s][info][gc,heap        ] GC(201) Tenured: 233482K->317320K(349568K)
[58.935s][info][gc,metaspace   ] GC(201) Metaspace: 15003K->15003K(1062912K)
[58.935s][info][gc             ] GC(201) Pause Young (Allocation Failure) 381M->326M(494M) 131.454ms
[58.935s][info][gc,cpu         ] GC(201) User=0.13s Sys=0.00s Real=0.13s
[59.060s][info][gc,start       ] GC(202) Pause Young (Allocation Failure)
[59.060s][info][gc,start       ] GC(203) Pause Full (Allocation Failure)
[59.060s][info][gc,phases,start] GC(203) Phase 1: Mark live objects
[59.342s][info][gc,phases      ] GC(203) Phase 1: Mark live objects 281.810ms
[59.342s][info][gc,phases,start] GC(203) Phase 2: Compute new object addresses
[59.488s][info][gc,phases      ] GC(203) Phase 2: Compute new object addresses 145.660ms
[59.488s][info][gc,phases,start] GC(203) Phase 3: Adjust pointers
[59.651s][info][gc,phases      ] GC(203) Phase 3: Adjust pointers 163.403ms
[59.651s][info][gc,phases,start] GC(203) Phase 4: Move objects
[59.722s][info][gc,phases      ] GC(203) Phase 4: Move objects 70.711ms
[59.723s][info][gc             ] GC(203) Pause Full (Allocation Failure) 458M->405M(494M) 662.379ms
[59.723s][info][gc,heap        ] GC(202) DefNew: 152002K->65323K(157248K)
[59.723s][info][gc,heap        ] GC(202) Tenured: 317320K->349567K(349568K)
[59.723s][info][gc,metaspace   ] GC(202) Metaspace: 15003K->15003K(1062912K)
[59.723s][info][gc             ] GC(202) Pause Young (Allocation Failure) 458M->405M(494M) 662.558ms
[59.723s][info][gc,cpu         ] GC(202) User=0.66s Sys=0.00s Real=0.66s
[59.911s][info][gc,start       ] GC(204) Pause Full (Allocation Failure)
[59.911s][info][gc,phases,start] GC(204) Phase 1: Mark live objects
[59.970s][info][gc,phases      ] GC(204) Phase 1: Mark live objects 59.397ms
[59.970s][info][gc,phases,start] GC(204) Phase 2: Compute new object addresses
[60.073s][info][gc,phases      ] GC(204) Phase 2: Compute new object addresses 103.025ms
[60.074s][info][gc,phases,start] GC(204) Phase 3: Adjust pointers
[60.101s][info][gc,phases      ] GC(204) Phase 3: Adjust pointers 27.494ms
[60.101s][info][gc,phases,start] GC(204) Phase 4: Move objects
[60.124s][info][gc,phases      ] GC(204) Phase 4: Move objects 22.844ms
[60.124s][info][gc,heap        ] GC(204) DefNew: 157247K->0K(157248K)
[60.124s][info][gc,heap        ] GC(204) Tenured: 349567K->83177K(349568K)
[60.124s][info][gc,metaspace   ] GC(204) Metaspace: 15016K->15016K(1062912K)
[60.124s][info][gc             ] GC(204) Pause Full (Allocation Failure) 494M->81M(494M) 213.441ms
[60.124s][info][gc,cpu         ] GC(204) User=0.19s Sys=0.00s Real=0.21s
[60.146s][info][gc,start       ] GC(205) Pause Young (Allocation Failure)
[60.259s][info][gc,heap        ] GC(205) DefNew: 139776K->17472K(157248K)
[60.259s][info][gc,heap        ] GC(205) Tenured: 83177K->149542K(349568K)
[60.259s][info][gc,metaspace   ] GC(205) Metaspace: 15016K->15016K(1062912K)
[60.259s][info][gc             ] GC(205) Pause Young (Allocation Failure) 217M->163M(494M) 113.005ms
[60.259s][info][gc,cpu         ] GC(205) User=0.11s Sys=0.00s Real=0.11s
[60.281s][info][gc,start       ] GC(206) Pause Young (Allocation Failure)
[60.426s][info][gc,heap        ] GC(206) DefNew: 157248K->17472K(157248K)
[60.426s][info][gc,heap        ] GC(206) Tenured: 149542K->233379K(349568K)
[60.427s][info][gc,metaspace   ] GC(206) Metaspace: 15016K->15016K(1062912K)
[60.427s][info][gc             ] GC(206) Pause Young (Allocation Failure) 299M->244M(494M) 145.520ms
[60.427s][info][gc,cpu         ] GC(206) User=0.16s Sys=0.00s Real=0.14s
[60.448s][info][gc,start       ] GC(207) Pause Young (Allocation Failure)
[60.569s][info][gc,heap        ] GC(207) DefNew: 157248K->17472K(157248K)
[60.570s][info][gc,heap        ] GC(207) Tenured: 233379K->317218K(349568K)
[60.570s][info][gc,metaspace   ] GC(207) Metaspace: 15016K->15016K(1062912K)
[60.570s][info][gc             ] GC(207) Pause Young (Allocation Failure) 381M->326M(494M) 121.991ms
[60.570s][info][gc,cpu         ] GC(207) User=0.13s Sys=0.00s Real=0.12s
[60.691s][info][gc,start       ] GC(208) Pause Young (Allocation Failure)
[60.691s][info][gc,start       ] GC(209) Pause Full (Allocation Failure)
[60.691s][info][gc,phases,start] GC(209) Phase 1: Mark live objects
[60.974s][info][gc,phases      ] GC(209) Phase 1: Mark live objects 282.764ms
[60.974s][info][gc,phases,start] GC(209) Phase 2: Compute new object addresses
[61.119s][info][gc,phases      ] GC(209) Phase 2: Compute new object addresses 144.627ms
[61.119s][info][gc,phases,start] GC(209) Phase 3: Adjust pointers
[61.283s][info][gc,phases      ] GC(209) Phase 3: Adjust pointers 164.257ms
[61.283s][info][gc,phases,start] GC(209) Phase 4: Move objects
[61.533s][info][gc,phases      ] GC(209) Phase 4: Move objects 249.707ms
[61.533s][info][gc             ] GC(209) Pause Full (Allocation Failure) 459M->405M(494M) 842.425ms
[61.533s][info][gc,heap        ] GC(208) DefNew: 153378K->65410K(157248K)
[61.533s][info][gc,heap        ] GC(208) Tenured: 317218K->349567K(349568K)
[61.533s][info][gc,metaspace   ] GC(208) Metaspace: 15036K->15036K(1062912K)
[61.533s][info][gc             ] GC(208) Pause Young (Allocation Failure) 459M->405M(494M) 842.582ms
[61.533s][info][gc,cpu         ] GC(208) User=0.84s Sys=0.00s Real=0.84s
[61.710s][info][gc,start       ] GC(210) Pause Full (Allocation Failure)
[61.710s][info][gc,phases,start] GC(210) Phase 1: Mark live objects
[61.771s][info][gc,phases      ] GC(210) Phase 1: Mark live objects 60.395ms
[61.771s][info][gc,phases,start] GC(210) Phase 2: Compute new object addresses
[61.878s][info][gc,phases      ] GC(210) Phase 2: Compute new object addresses 107.668ms
[61.878s][info][gc,phases,start] GC(210) Phase 3: Adjust pointers
[61.904s][info][gc,phases      ] GC(210) Phase 3: Adjust pointers 25.584ms
[61.904s][info][gc,phases,start] GC(210) Phase 4: Move objects
[61.927s][info][gc,phases      ] GC(210) Phase 4: Move objects 22.469ms
[61.927s][info][gc,heap        ] GC(210) DefNew: 157247K->0K(157248K)
[61.927s][info][gc,heap        ] GC(210) Tenured: 349567K->82826K(349568K)
[61.927s][info][gc,metaspace   ] GC(210) Metaspace: 15107K->15107K(1062912K)
[61.927s][info][gc             ] GC(210) Pause Full (Allocation Failure) 494M->80M(494M) 216.840ms
[61.927s][info][gc,cpu         ] GC(210) User=0.22s Sys=0.00s Real=0.22s
[61.949s][info][gc,start       ] GC(211) Pause Young (Allocation Failure)
[62.063s][info][gc,heap        ] GC(211) DefNew: 139776K->17471K(157248K)
[62.063s][info][gc,heap        ] GC(211) Tenured: 82826K->149190K(349568K)
[62.063s][info][gc,metaspace   ] GC(211) Metaspace: 15107K->15107K(1062912K)
[62.063s][info][gc             ] GC(211) Pause Young (Allocation Failure) 217M->162M(494M) 113.569ms
[62.063s][info][gc,cpu         ] GC(211) User=0.11s Sys=0.00s Real=0.11s
[62.086s][info][gc,start       ] GC(212) Pause Young (Allocation Failure)
[62.216s][info][gc,heap        ] GC(212) DefNew: 157247K->17472K(157248K)
[62.216s][info][gc,heap        ] GC(212) Tenured: 149190K->233027K(349568K)
[62.216s][info][gc,metaspace   ] GC(212) Metaspace: 15107K->15107K(1062912K)
[62.216s][info][gc             ] GC(212) Pause Young (Allocation Failure) 299M->244M(494M) 130.135ms
[62.216s][info][gc,cpu         ] GC(212) User=0.13s Sys=0.00s Real=0.13s
[62.238s][info][gc,start       ] GC(213) Pause Young (Allocation Failure)
[62.367s][info][gc,heap        ] GC(213) DefNew: 157248K->17472K(157248K)
[62.367s][info][gc,heap        ] GC(213) Tenured: 233027K->316865K(349568K)
[62.367s][info][gc,metaspace   ] GC(213) Metaspace: 15107K->15107K(1062912K)
[62.367s][info][gc             ] GC(213) Pause Young (Allocation Failure) 381M->326M(494M) 129.110ms
[62.367s][info][gc,cpu         ] GC(213) User=0.14s Sys=0.00s Real=0.13s
[62.492s][info][gc,start       ] GC(214) Pause Young (Allocation Failure)
[62.492s][info][gc,start       ] GC(215) Pause Full (Allocation Failure)
[62.492s][info][gc,phases,start] GC(215) Phase 1: Mark live objects
[62.814s][info][gc,phases      ] GC(215) Phase 1: Mark live objects 321.288ms
[62.814s][info][gc,phases,start] GC(215) Phase 2: Compute new object addresses
[62.964s][info][gc,phases      ] GC(215) Phase 2: Compute new object addresses 149.857ms
[62.964s][info][gc,phases,start] GC(215) Phase 3: Adjust pointers
[63.124s][info][gc,phases      ] GC(215) Phase 3: Adjust pointers 160.279ms
[63.124s][info][gc,phases,start] GC(215) Phase 4: Move objects
[63.199s][info][gc,phases      ] GC(215) Phase 4: Move objects 74.742ms
[63.199s][info][gc             ] GC(215) Pause Full (Allocation Failure) 460M->405M(494M) 706.969ms
[63.199s][info][gc,heap        ] GC(214) DefNew: 154530K->65508K(157248K)
[63.199s][info][gc,heap        ] GC(214) Tenured: 316865K->349567K(349568K)
[63.199s][info][gc,metaspace   ] GC(214) Metaspace: 15108K->15108K(1062912K)
[63.199s][info][gc             ] GC(214) Pause Young (Allocation Failure) 460M->405M(494M) 707.155ms
[63.199s][info][gc,cpu         ] GC(214) User=0.70s Sys=0.00s Real=0.71s
[63.400s][info][gc,start       ] GC(216) Pause Full (Allocation Failure)
[63.401s][info][gc,phases,start] GC(216) Phase 1: Mark live objects
[63.471s][info][gc,phases      ] GC(216) Phase 1: Mark live objects 70.761ms
[63.471s][info][gc,phases,start] GC(216) Phase 2: Compute new object addresses
[63.576s][info][gc,phases      ] GC(216) Phase 2: Compute new object addresses 104.008ms
[63.576s][info][gc,phases,start] GC(216) Phase 3: Adjust pointers
[63.610s][info][gc,phases      ] GC(216) Phase 3: Adjust pointers 34.006ms
[63.610s][info][gc,phases,start] GC(216) Phase 4: Move objects
[63.640s][info][gc,phases      ] GC(216) Phase 4: Move objects 30.126ms
[63.640s][info][gc,heap        ] GC(216) DefNew: 157247K->0K(157248K)
[63.640s][info][gc,heap        ] GC(216) Tenured: 349567K->83246K(349568K)
[63.640s][info][gc,metaspace   ] GC(216) Metaspace: 15123K->15123K(1062912K)
[63.640s][info][gc             ] GC(216) Pause Full (Allocation Failure) 494M->81M(494M) 239.696ms
[63.640s][info][gc,cpu         ] GC(216) User=0.23s Sys=0.00s Real=0.24s
[63.665s][info][gc,start       ] GC(217) Pause Young (Allocation Failure)
[63.781s][info][gc,heap        ] GC(217) DefNew: 139776K->17472K(157248K)
[63.781s][info][gc,heap        ] GC(217) Tenured: 83246K->149610K(349568K)
[63.781s][info][gc,metaspace   ] GC(217) Metaspace: 15123K->15123K(1062912K)
[63.781s][info][gc             ] GC(217) Pause Young (Allocation Failure) 217M->163M(494M) 115.647ms
[63.781s][info][gc,cpu         ] GC(217) User=0.11s Sys=0.00s Real=0.12s
[63.805s][info][gc,start       ] GC(218) Pause Young (Allocation Failure)
[63.958s][info][gc,heap        ] GC(218) DefNew: 157248K->17472K(157248K)
[63.959s][info][gc,heap        ] GC(218) Tenured: 149610K->233447K(349568K)
[63.959s][info][gc,metaspace   ] GC(218) Metaspace: 15123K->15123K(1062912K)
[63.959s][info][gc             ] GC(218) Pause Young (Allocation Failure) 299M->245M(494M) 153.714ms
[63.959s][info][gc,cpu         ] GC(218) User=0.16s Sys=0.00s Real=0.15s
[63.984s][info][gc,start       ] GC(219) Pause Young (Allocation Failure)
[64.126s][info][gc,heap        ] GC(219) DefNew: 157248K->17472K(157248K)
[64.126s][info][gc,heap        ] GC(219) Tenured: 233447K->317285K(349568K)
[64.126s][info][gc,metaspace   ] GC(219) Metaspace: 15123K->15123K(1062912K)
[64.126s][info][gc             ] GC(219) Pause Young (Allocation Failure) 381M->326M(494M) 142.503ms
[64.126s][info][gc,cpu         ] GC(219) User=0.14s Sys=0.00s Real=0.14s
[64.249s][info][gc,start       ] GC(220) Pause Young (Allocation Failure)
[64.249s][info][gc,start       ] GC(221) Pause Full (Allocation Failure)
[64.250s][info][gc,phases,start] GC(221) Phase 1: Mark live objects
[64.654s][info][gc,phases      ] GC(221) Phase 1: Mark live objects 404.061ms
[64.654s][info][gc,phases,start] GC(221) Phase 2: Compute new object addresses
[64.819s][info][gc,phases      ] GC(221) Phase 2: Compute new object addresses 165.136ms
[64.819s][info][gc,phases,start] GC(221) Phase 3: Adjust pointers
[65.028s][info][gc,phases      ] GC(221) Phase 3: Adjust pointers 209.327ms
[65.029s][info][gc,phases,start] GC(221) Phase 4: Move objects
[65.313s][info][gc,phases      ] GC(221) Phase 4: Move objects 284.854ms
[65.315s][info][gc             ] GC(221) Pause Full (Allocation Failure) 458M->405M(494M) 1065.627ms
[65.315s][info][gc,heap        ] GC(220) DefNew: 151805K->65577K(157248K)
[65.315s][info][gc,heap        ] GC(220) Tenured: 317285K->349567K(349568K)
[65.315s][info][gc,metaspace   ] GC(220) Metaspace: 15126K->15126K(1062912K)
[65.315s][info][gc             ] GC(220) Pause Young (Allocation Failure) 458M->405M(494M) 1065.892ms
[65.315s][info][gc,cpu         ] GC(220) User=1.05s Sys=0.00s Real=1.07s
[65.466s][info][gc,start       ] GC(222) Pause Full (Allocation Failure)
[65.466s][info][gc,phases,start] GC(222) Phase 1: Mark live objects
[65.523s][info][gc,phases      ] GC(222) Phase 1: Mark live objects 57.500ms
[65.523s][info][gc,phases,start] GC(222) Phase 2: Compute new object addresses
[65.622s][info][gc,phases      ] GC(222) Phase 2: Compute new object addresses 98.656ms
[65.622s][info][gc,phases,start] GC(222) Phase 3: Adjust pointers
[65.650s][info][gc,phases      ] GC(222) Phase 3: Adjust pointers 27.904ms
[65.650s][info][gc,phases,start] GC(222) Phase 4: Move objects
[65.673s][info][gc,phases      ] GC(222) Phase 4: Move objects 22.741ms
[65.673s][info][gc,heap        ] GC(222) DefNew: 157247K->0K(157248K)
[65.673s][info][gc,heap        ] GC(222) Tenured: 349567K->83408K(349568K)
[65.673s][info][gc,metaspace   ] GC(222) Metaspace: 15126K->15126K(1062912K)
[65.673s][info][gc             ] GC(222) Pause Full (Allocation Failure) 494M->81M(494M) 207.507ms
[65.673s][info][gc,cpu         ] GC(222) User=0.20s Sys=0.00s Real=0.21s
[65.697s][info][gc,start       ] GC(223) Pause Young (Allocation Failure)
[65.805s][info][gc,heap        ] GC(223) DefNew: 139776K->17472K(157248K)
[65.805s][info][gc,heap        ] GC(223) Tenured: 83408K->149773K(349568K)
[65.805s][info][gc,metaspace   ] GC(223) Metaspace: 15126K->15126K(1062912K)
[65.805s][info][gc             ] GC(223) Pause Young (Allocation Failure) 217M->163M(494M) 108.538ms
[65.805s][info][gc,cpu         ] GC(223) User=0.11s Sys=0.00s Real=0.11s
[65.827s][info][gc,start       ] GC(224) Pause Young (Allocation Failure)
[65.980s][info][gc,heap        ] GC(224) DefNew: 157248K->17472K(157248K)
[65.980s][info][gc,heap        ] GC(224) Tenured: 149773K->233611K(349568K)
[65.980s][info][gc,metaspace   ] GC(224) Metaspace: 15126K->15126K(1062912K)
[65.980s][info][gc             ] GC(224) Pause Young (Allocation Failure) 299M->245M(494M) 152.884ms
[65.980s][info][gc,cpu         ] GC(224) User=0.16s Sys=0.00s Real=0.15s
[66.005s][info][gc,start       ] GC(225) Pause Young (Allocation Failure)
[66.139s][info][gc,heap        ] GC(225) DefNew: 157248K->17472K(157248K)
[66.139s][info][gc,heap        ] GC(225) Tenured: 233611K->317449K(349568K)
[66.139s][info][gc,metaspace   ] GC(225) Metaspace: 15126K->15126K(1062912K)
[66.139s][info][gc             ] GC(225) Pause Young (Allocation Failure) 381M->327M(494M) 134.001ms
[66.139s][info][gc,cpu         ] GC(225) User=0.13s Sys=0.00s Real=0.13s
[66.260s][info][gc,start       ] GC(226) Pause Young (Allocation Failure)
[66.260s][info][gc,start       ] GC(227) Pause Full (Allocation Failure)
[66.261s][info][gc,phases,start] GC(227) Phase 1: Mark live objects
[66.563s][info][gc,phases      ] GC(227) Phase 1: Mark live objects 302.559ms
[66.563s][info][gc,phases,start] GC(227) Phase 2: Compute new object addresses
[66.721s][info][gc,phases      ] GC(227) Phase 2: Compute new object addresses 158.033ms
[66.721s][info][gc,phases,start] GC(227) Phase 3: Adjust pointers
[66.871s][info][gc,phases      ] GC(227) Phase 3: Adjust pointers 149.810ms
[66.871s][info][gc,phases,start] GC(227) Phase 4: Move objects
[66.944s][info][gc,phases      ] GC(227) Phase 4: Move objects 72.749ms
[66.944s][info][gc             ] GC(227) Pause Full (Allocation Failure) 458M->405M(494M) 684.473ms
[66.945s][info][gc,heap        ] GC(226) DefNew: 152019K->65644K(157248K)
[66.945s][info][gc,heap        ] GC(226) Tenured: 317449K->349567K(349568K)
[66.945s][info][gc,metaspace   ] GC(226) Metaspace: 15126K->15126K(1062912K)
[66.945s][info][gc             ] GC(226) Pause Young (Allocation Failure) 458M->405M(494M) 684.692ms
[66.945s][info][gc,cpu         ] GC(226) User=0.69s Sys=0.00s Real=0.68s
[67.105s][info][gc,start       ] GC(228) Pause Full (Allocation Failure)
[67.105s][info][gc,phases,start] GC(228) Phase 1: Mark live objects
[67.169s][info][gc,phases      ] GC(228) Phase 1: Mark live objects 64.158ms
[67.169s][info][gc,phases,start] GC(228) Phase 2: Compute new object addresses
[67.273s][info][gc,phases      ] GC(228) Phase 2: Compute new object addresses 104.055ms
[67.274s][info][gc,phases,start] GC(228) Phase 3: Adjust pointers
[67.299s][info][gc,phases      ] GC(228) Phase 3: Adjust pointers 25.419ms
[67.299s][info][gc,phases,start] GC(228) Phase 4: Move objects
[67.321s][info][gc,phases      ] GC(228) Phase 4: Move objects 21.705ms
[67.321s][info][gc,heap        ] GC(228) DefNew: 157248K->0K(157248K)
[67.321s][info][gc,heap        ] GC(228) Tenured: 349568K->83411K(349568K)
[67.321s][info][gc,metaspace   ] GC(228) Metaspace: 15133K->15133K(1062912K)
[67.321s][info][gc             ] GC(228) Pause Full (Allocation Failure) 494M->81M(494M) 216.096ms
[67.321s][info][gc,cpu         ] GC(228) User=0.19s Sys=0.00s Real=0.22s
[67.345s][info][gc,start       ] GC(229) Pause Young (Allocation Failure)
[67.507s][info][gc,heap        ] GC(229) DefNew: 139776K->17472K(157248K)
[67.507s][info][gc,heap        ] GC(229) Tenured: 83411K->149649K(349568K)
[67.507s][info][gc,metaspace   ] GC(229) Metaspace: 15152K->15152K(1062912K)
[67.507s][info][gc             ] GC(229) Pause Young (Allocation Failure) 217M->163M(494M) 161.581ms
[67.507s][info][gc,cpu         ] GC(229) User=0.14s Sys=0.00s Real=0.16s
[67.532s][info][gc,start       ] GC(230) Pause Young (Allocation Failure)
[67.714s][info][gc,heap        ] GC(230) DefNew: 157248K->17472K(157248K)
[67.714s][info][gc,heap        ] GC(230) Tenured: 149649K->233486K(349568K)
[67.714s][info][gc,metaspace   ] GC(230) Metaspace: 15152K->15152K(1062912K)
[67.714s][info][gc             ] GC(230) Pause Young (Allocation Failure) 299M->245M(494M) 181.798ms
[67.714s][info][gc,cpu         ] GC(230) User=0.19s Sys=0.00s Real=0.18s
[67.740s][info][gc,start       ] GC(231) Pause Young (Allocation Failure)
[67.884s][info][gc,heap        ] GC(231) DefNew: 157248K->17472K(157248K)
[67.884s][info][gc,heap        ] GC(231) Tenured: 233486K->317324K(349568K)
[67.884s][info][gc,metaspace   ] GC(231) Metaspace: 15152K->15152K(1062912K)
[67.884s][info][gc             ] GC(231) Pause Young (Allocation Failure) 381M->326M(494M) 144.355ms
[67.884s][info][gc,cpu         ] GC(231) User=0.14s Sys=0.00s Real=0.14s
[68.008s][info][gc,start       ] GC(232) Pause Young (Allocation Failure)
[68.008s][info][gc,start       ] GC(233) Pause Full (Allocation Failure)
[68.008s][info][gc,phases,start] GC(233) Phase 1: Mark live objects
[68.306s][info][gc,phases      ] GC(233) Phase 1: Mark live objects 298.123ms
[68.306s][info][gc,phases,start] GC(233) Phase 2: Compute new object addresses
[68.450s][info][gc,phases      ] GC(233) Phase 2: Compute new object addresses 143.203ms
[68.450s][info][gc,phases,start] GC(233) Phase 3: Adjust pointers
